Component: ARM Compiler 5.06 update 7 (build 960) Tool: armlink [4d3601]

==============================================================================

Section Cross References

    main.o(i.assert_nrf_callback) refers to app_error.o(i.app_error_handler) for app_error_handler
    main.o(i.ble_evt_dispatch) refers to ble_conn_params.o(i.ble_conn_params_on_ble_evt) for ble_conn_params_on_ble_evt
    main.o(i.ble_evt_dispatch) refers to ble_nus.o(i.ble_nus_on_ble_evt) for ble_nus_on_ble_evt
    main.o(i.ble_evt_dispatch) refers to main.o(i.on_ble_evt) for on_ble_evt
    main.o(i.ble_evt_dispatch) refers to ble_advertising.o(i.ble_advertising_on_ble_evt) for ble_advertising_on_ble_evt
    main.o(i.ble_evt_dispatch) refers to bsp_btn_ble.o(i.bsp_btn_ble_on_ble_evt) for bsp_btn_ble_on_ble_evt
    main.o(i.ble_evt_dispatch) refers to main.o(.bss) for .bss
    main.o(i.ble_stack_init) refers to softdevice_handler.o(i.softdevice_handler_init) for softdevice_handler_init
    main.o(i.ble_stack_init) refers to app_error.o(i.app_error_handler_bare) for app_error_handler_bare
    main.o(i.ble_stack_init) refers to softdevice_handler.o(i.softdevice_enable_get_default_config) for softdevice_enable_get_default_config
    main.o(i.ble_stack_init) refers to softdevice_handler.o(i.softdevice_enable) for softdevice_enable
    main.o(i.ble_stack_init) refers to softdevice_handler.o(i.softdevice_ble_evt_handler_set) for softdevice_ble_evt_handler_set
    main.o(i.ble_stack_init) refers to main.o(.constdata) for .constdata
    main.o(i.ble_stack_init) refers to main.o(.bss) for .bss
    main.o(i.ble_stack_init) refers to main.o(i.ble_evt_dispatch) for ble_evt_dispatch
    main.o(i.bsp_event_handler) refers to main.o(i.sleep_mode_enter) for sleep_mode_enter
    main.o(i.bsp_event_handler) refers to app_error.o(i.app_error_handler_bare) for app_error_handler_bare
    main.o(i.bsp_event_handler) refers to ble_advertising.o(i.ble_advertising_restart_without_whitelist) for ble_advertising_restart_without_whitelist
    main.o(i.bsp_event_handler) refers to main.o(.data) for .data
    main.o(i.conn_params_error_handler) refers to app_error.o(i.app_error_handler_bare) for app_error_handler_bare
    main.o(i.main) refers to app_timer.o(i.app_timer_init) for app_timer_init
    main.o(i.main) refers to app_error.o(i.app_error_handler_bare) for app_error_handler_bare
    main.o(i.main) refers to memcpya.o(.text) for __aeabi_memcpy4
    main.o(i.main) refers to app_uart_fifo.o(i.app_uart_init) for app_uart_init
    main.o(i.main) refers to bsp.o(i.bsp_init) for bsp_init
    main.o(i.main) refers to bsp_btn_ble.o(i.bsp_btn_ble_init) for bsp_btn_ble_init
    main.o(i.main) refers to main.o(i.ble_stack_init) for ble_stack_init
    main.o(i.main) refers to ble_nus.o(i.ble_nus_init) for ble_nus_init
    main.o(i.main) refers to memseta.o(.text) for __aeabi_memclr4
    main.o(i.main) refers to ble_advertising.o(i.ble_advertising_init) for ble_advertising_init
    main.o(i.main) refers to ble_conn_params.o(i.ble_conn_params_init) for ble_conn_params_init
    main.o(i.main) refers to printfb.o(i.__0printf$bare) for __2printf
    main.o(i.main) refers to ble_advertising.o(i.ble_advertising_start) for ble_advertising_start
    main.o(i.main) refers to main.o(.bss) for .bss
    main.o(i.main) refers to main.o(.constdata) for .constdata
    main.o(i.main) refers to main.o(i.uart_event_handle) for uart_event_handle
    main.o(i.main) refers to main.o(i.bsp_event_handler) for bsp_event_handler
    main.o(i.main) refers to main.o(i.nus_data_handler) for nus_data_handler
    main.o(i.main) refers to main.o(.data) for .data
    main.o(i.main) refers to main.o(i.on_adv_evt) for on_adv_evt
    main.o(i.main) refers to main.o(i.on_conn_params_evt) for on_conn_params_evt
    main.o(i.main) refers to main.o(i.conn_params_error_handler) for conn_params_error_handler
    main.o(i.nus_data_handler) refers to app_uart_fifo.o(i.app_uart_put) for app_uart_put
    main.o(i.on_adv_evt) refers to bsp.o(i.bsp_indication_set) for bsp_indication_set
    main.o(i.on_adv_evt) refers to app_error.o(i.app_error_handler_bare) for app_error_handler_bare
    main.o(i.on_adv_evt) refers to main.o(i.sleep_mode_enter) for sleep_mode_enter
    main.o(i.on_ble_evt) refers to bsp.o(i.bsp_indication_set) for bsp_indication_set
    main.o(i.on_ble_evt) refers to app_error.o(i.app_error_handler_bare) for app_error_handler_bare
    main.o(i.on_ble_evt) refers to memcpya.o(.text) for __aeabi_memcpy
    main.o(i.on_ble_evt) refers to main.o(.data) for .data
    main.o(i.on_conn_params_evt) refers to app_error.o(i.app_error_handler_bare) for app_error_handler_bare
    main.o(i.on_conn_params_evt) refers to main.o(.data) for .data
    main.o(i.sleep_mode_enter) refers to bsp.o(i.bsp_indication_set) for bsp_indication_set
    main.o(i.sleep_mode_enter) refers to app_error.o(i.app_error_handler_bare) for app_error_handler_bare
[...]
    ..\\..\\..\\..\\..\\..\\components\\libraries\\log\\src\\nrf_log_backend_serial.c 0x00000000   Number         0  nrf_log_backend_serial.o ABSOLUTE
    ..\\..\\..\\..\\..\\..\\components\\libraries\\log\\src\\nrf_log_frontend.c 0x00000000   Number         0  nrf_log_frontend.o ABSOLUTE
    ..\\..\\..\\..\\..\\..\\components\\libraries\\timer\\app_timer.c 0x00000000   Number         0  app_timer.o ABSOLUTE
    ..\\..\\..\\..\\..\\..\\components\\libraries\\uart\\app_uart_fifo.c 0x00000000   Number         0  app_uart_fifo.o ABSOLUTE
    ..\\..\\..\\..\\..\\..\\components\\libraries\\uart\\retarget.c 0x00000000   Number         0  retarget.o ABSOLUTE
    ..\\..\\..\\..\\..\\..\\components\\libraries\\util\\app_error.c 0x00000000   Number         0  app_error.o ABSOLUTE
    ..\\..\\..\\..\\..\\..\\components\\libraries\\util\\app_error_weak.c 0x00000000   Number         0  app_error_weak.o ABSOLUTE
    ..\\..\\..\\..\\..\\..\\components\\libraries\\util\\app_util_platform.c 0x00000000   Number         0  app_util_platform.o ABSOLUTE
    ..\\..\\..\\..\\..\\..\\components\\libraries\\util\\nrf_assert.c 0x00000000   Number         0  nrf_assert.o ABSOLUTE
    ..\\..\\..\\..\\..\\..\\components\\softdevice\\common\\softdevice_handler\\softdevice_handler.c 0x00000000   Number         0  softdevice_handler.o ABSOLUTE
    ..\\..\\..\\..\\..\\..\\external\\segger_rtt\\SEGGER_RTT.c 0x00000000   Number         0  segger_rtt.o ABSOLUTE
    ..\\..\\..\\main.c                       0x00000000   Number         0  main.o ABSOLUTE
    RTE\Device\nRF52832_xxAA\arm_startup_nrf52.s 0x00000000   Number         0  arm_startup_nrf52.o ABSOLUTE
    RTE\Device\nRF52832_xxAA\system_nrf52.c  0x00000000   Number         0  system_nrf52.o ABSOLUTE
    RTE\\Device\\nRF52832_xxAA\\system_nrf52.c 0x00000000   Number         0  system_nrf52.o ABSOLUTE
    cdrcmple.s                               0x00000000   Number         0  cdrcmple.o ABSOLUTE
    dc.s                                     0x00000000   Number         0  dc.o ABSOLUTE
    handlers.s                               0x00000000   Number         0  handlers.o ABSOLUTE
    init.s                                   0x00000000   Number         0  init.o ABSOLUTE
    RESET                                    0x0001f000   Section     1024  arm_startup_nrf52.o(RESET)
    .ARM.Collect$$$$00000000                 0x0001f400   Section        0  entry.o(.ARM.Collect$$$$00000000)
    .ARM.Collect$$$$00000001                 0x0001f400   Section        4  entry2.o(.ARM.Collect$$$$00000001)
    .ARM.Collect$$$$00000004                 0x0001f404   Section        4  entry5.o(.ARM.Collect$$$$00000004)
    .ARM.Collect$$$$00000008                 0x0001f408   Section        0  entry7b.o(.ARM.Collect$$$$00000008)
    .ARM.Collect$$$$0000000A                 0x0001f408   Section        0  entry8b.o(.ARM.Collect$$$$0000000A)
    .ARM.Collect$$$$0000000B                 0x0001f408   Section        8  entry9a.o(.ARM.Collect$$$$0000000B)
    .ARM.Collect$$$$0000000E                 0x0001f410   Section        4  entry12b.o(.ARM.Collect$$$$0000000E)
    .ARM.Collect$$$$0000000F                 0x0001f414   Section        0  entry10a.o(.ARM.Collect$$$$0000000F)
    .ARM.Collect$$$$00000011                 0x0001f414   Section        0  entry11a.o(.ARM.Collect$$$$00000011)
    .ARM.Collect$$$$00002712                 0x0001f414   Section        4  entry2.o(.ARM.Collect$$$$00002712)
    __lit__00000000                          0x0001f414   Data           4  entry2.o(.ARM.Collect$$$$00002712)
    .text                                    0x0001f418   Section       36  arm_startup_nrf52.o(.text)
    $v0                                      0x0001f418   Number         0  arm_startup_nrf52.o(.text)
    .text                                    0x0001f43c   Section        0  memcpya.o(.text)
    .text                                    0x0001f460   Section        0  memseta.o(.text)
    .text                                    0x0001f484   Section       36  init.o(.text)
    i.GPIOTE_IRQHandler                      0x0001f4a8   Section        0  nrf_drv_gpiote.o(i.GPIOTE_IRQHandler)
    i.NVIC_ClearPendingIRQ                   0x0001f61c   Section        0  app_timer.o(i.NVIC_ClearPendingIRQ)
    NVIC_ClearPendingIRQ                     0x0001f61d   Thumb Code    22  app_timer.o(i.NVIC_ClearPendingIRQ)
    i.NVIC_DisableIRQ                        0x0001f632   Section        0  softdevice_handler.o(i.NVIC_DisableIRQ)
    NVIC_DisableIRQ                          0x0001f633   Thumb Code    22  softdevice_handler.o(i.NVIC_DisableIRQ)
    i.NVIC_EnableIRQ                         0x0001f648   Section        0  app_timer.o(i.NVIC_EnableIRQ)
    NVIC_EnableIRQ                           0x0001f649   Thumb Code    22  app_timer.o(i.NVIC_EnableIRQ)
    i.NVIC_EnableIRQ                         0x0001f65e   Section        0  softdevice_handler.o(i.NVIC_EnableIRQ)
    NVIC_EnableIRQ                           0x0001f65f   Thumb Code    22  softdevice_handler.o(i.NVIC_EnableIRQ)
    i.NVIC_SetPendingIRQ                     0x0001f674   Section        0  app_timer.o(i.NVIC_SetPendingIRQ)
    NVIC_SetPendingIRQ                       0x0001f675   Thumb Code    22  app_timer.o(i.NVIC_SetPendingIRQ)
    i.NVIC_SetPriority                       0x0001f68a   Section        0  app_timer.o(i.NVIC_SetPriority)
    NVIC_SetPriority                         0x0001f68b   Thumb Code    32  app_timer.o(i.NVIC_SetPriority)
    i.POWER_CLOCK_IRQHandler                 0x0001f6ac   Section        0  nrf_drv_clock.o(i.POWER_CLOCK_IRQHandler)
    i.RTC1_IRQHandler                        0x0001f704   Section        0  app_timer.o(i.RTC1_IRQHandler)
    i.SWI0_EGU0_IRQHandler                   0x0001f728   Section        0  app_timer.o(i.SWI0_EGU0_IRQHandler)
    i.SWI2_EGU2_IRQHandler                   0x0001f72c   Section        0  softdevice_handler.o(i.SWI2_EGU2_IRQHandler)
    i.SystemInit                             0x0001f750   Section        0  system_nrf52.o(i.SystemInit)
    i.UARTE0_UART0_IRQHandler                0x0001f9ec   Section        0  nrf_drv_uart.o(i.UARTE0_UART0_IRQHandler)
    i.__0printf$bare                         0x0001fa08   Section        0  printfb.o(i.__0printf$bare)
    i.__scatterload_copy                     0x0001fa18   Section       14  handlers.o(i.__scatterload_copy)
    i.__scatterload_null                     0x0001fa26   Section        2  handlers.o(i.__scatterload_null)
    i.__scatterload_zeroinit                 0x0001fa28   Section       14  handlers.o(i.__scatterload_zeroinit)
    i.__sd_nvic_app_accessible_irq           0x0001fa38   Section        0  softdevice_handler.o(i.__sd_nvic_app_accessible_irq)
    __sd_nvic_app_accessible_irq             0x0001fa39   Thumb Code    32  softdevice_handler.o(i.__sd_nvic_app_accessible_irq)
    i._printf_core                           0x0001fa5c   Section        0  printfb.o(i._printf_core)
    _printf_core                             0x0001fa5d   Thumb Code    34  printfb.o(i._printf_core)
    i.adv_data_encode                        0x0001fa7e   Section        0  ble_advdata.o(i.adv_data_encode)
    i.adv_mode_next_avail_get                0x0001fc00   Section        0  ble_advertising.o(i.adv_mode_next_avail_get)
    adv_mode_next_avail_get                  0x0001fc01   Thumb Code    80  ble_advertising.o(i.adv_mode_next_avail_get)
    i.advertising_buttons_configure          0x0001fc58   Section        0  bsp_btn_ble.o(i.advertising_buttons_configure)
    advertising_buttons_configure            0x0001fc59   Thumb Code    54  bsp_btn_ble.o(i.advertising_buttons_configure)
    i.alert_timer_handler                    0x0001fc8e   Section        0  bsp.o(i.alert_timer_handler)
    alert_timer_handler                      0x0001fc8f   Thumb Code     6  bsp.o(i.alert_timer_handler)
    i.app_button_enable                      0x0001fc94   Section        0  app_button.o(i.app_button_enable)
    i.app_button_init                        0x0001fcb8   Section        0  app_button.o(i.app_button_init)
    i.app_error_fault_handler                0x0001fd28   Section        0  app_error_weak.o(i.app_error_fault_handler)
    i.app_error_handler_bare                 0x0001fd4c   Section        0  app_error.o(i.app_error_handler_bare)
    i.app_fifo_get                           0x0001fd62   Section        0  app_fifo.o(i.app_fifo_get)
    i.app_fifo_init                          0x0001fd78   Section        0  app_fifo.o(i.app_fifo_init)
    i.app_fifo_put                           0x0001fd98   Section        0  app_fifo.o(i.app_fifo_put)
    i.app_timer_create                       0x0001fdb4   Section        0  app_timer.o(i.app_timer_create)
    i.app_timer_init                         0x0001fddc   Section        0  app_timer.o(i.app_timer_init)
    i.app_timer_start                        0x0001fe4c   Section        0  app_timer.o(i.app_timer_start)
    i.app_timer_stop                         0x0001fed4   Section        0  app_timer.o(i.app_timer_stop)
    i.app_uart_get                           0x0001fef4   Section        0  app_uart_fifo.o(i.app_uart_get)
    i.app_uart_init                          0x0001ff28   Section        0  app_uart_fifo.o(i.app_uart_init)
    i.app_uart_put                           0x0001ffdc   Section        0  app_uart_fifo.o(i.app_uart_put)
    i.app_util_critical_region_enter         0x00020018   Section        0  app_util_platform.o(i.app_util_critical_region_enter)
    i.app_util_critical_region_exit          0x00020060   Section        0  app_util_platform.o(i.app_util_critical_region_exit)
    i.apply_config                           0x00020094   Section        0  nrf_drv_uart.o(i.apply_config)
    apply_config                             0x00020095   Thumb Code   180  nrf_drv_uart.o(i.apply_config)
    i.ble_advdata_set                        0x0002014c   Section        0  ble_advdata.o(i.ble_advdata_set)
    i.ble_advertising_init                   0x000201b4   Section        0  ble_advertising.o(i.ble_advertising_init)
    i.ble_advertising_on_ble_evt             0x000202d4   Section        0  ble_advertising.o(i.ble_advertising_on_ble_evt)
    i.ble_advertising_restart_without_whitelist 0x00020330   Section        0  ble_advertising.o(i.ble_advertising_restart_without_whitelist)
    i.ble_advertising_start                  0x0002036c   Section        0  ble_advertising.o(i.ble_advertising_start)
    i.ble_conn_params_init                   0x00020470   Section        0  ble_conn_params.o(i.ble_conn_params_init)
    i.ble_conn_params_on_ble_evt             0x000204c8   Section        0  ble_conn_params.o(i.ble_conn_params_on_ble_evt)
    i.ble_device_addr_encode                 0x0002054c   Section        0  ble_advdata.o(i.ble_device_addr_encode)
    ble_device_addr_encode                   0x0002054d   Thumb Code    96  ble_advdata.o(i.ble_device_addr_encode)
    i.ble_evt_dispatch                       0x000205ac   Section        0  main.o(i.ble_evt_dispatch)
    ble_evt_dispatch                         0x000205ad   Thumb Code    38  main.o(i.ble_evt_dispatch)
    i.ble_nus_init                           0x000205d8   Section        0  ble_nus.o(i.ble_nus_init)
    i.ble_nus_on_ble_evt                     0x00020640   Section        0  ble_nus.o(i.ble_nus_on_ble_evt)
    i.ble_nus_string_send                    0x0002069c   Section        0  ble_nus.o(i.ble_nus_string_send)
    i.ble_srv_is_notification_enabled        0x000206ea   Section        0  ble_srv_common.o(i.ble_srv_is_notification_enabled)
    i.ble_stack_init                         0x000206f4   Section        0  main.o(i.ble_stack_init)
    ble_stack_init                           0x000206f5   Thumb Code    80  main.o(i.ble_stack_init)
    i.bsp_board_button_idx_to_pin            0x00020750   Section        0  boards.o(i.bsp_board_button_idx_to_pin)
    i.bsp_board_button_state_get             0x0002075c   Section        0  boards.o(i.bsp_board_button_state_get)
    i.bsp_board_led_invert                   0x0002077c   Section        0  boards.o(i.bsp_board_led_invert)
    i.bsp_board_led_state_get                0x000207a0   Section        0  boards.o(i.bsp_board_led_state_get)
    i.bsp_board_leds_init                    0x000207c0   Section        0  boards.o(i.bsp_board_leds_init)
    i.bsp_board_leds_off                     0x000207ec   Section        0  boards.o(i.bsp_board_leds_off)
    i.bsp_board_pin_to_button_idx            0x000207f8   Section        0  boards.o(i.bsp_board_pin_to_button_idx)
    i.bsp_btn_ble_init                       0x0002081c   Section        0  bsp_btn_ble.o(i.bsp_btn_ble_init)
    i.bsp_btn_ble_on_ble_evt                 0x00020854   Section        0  bsp_btn_ble.o(i.bsp_btn_ble_on_ble_evt)
    i.bsp_btn_ble_sleep_mode_prepare         0x000208c4   Section        0  bsp_btn_ble.o(i.bsp_btn_ble_sleep_mode_prepare)
    i.bsp_button_event_handler               0x000208e4   Section        0  bsp.o(i.bsp_button_event_handler)
    bsp_button_event_handler                 0x000208e5   Thumb Code   136  bsp.o(i.bsp_button_event_handler)
    i.bsp_button_is_pressed                  0x00020978   Section        0  bsp.o(i.bsp_button_is_pressed)
    i.bsp_event_handler                      0x0002097c   Section        0  main.o(i.bsp_event_handler)
    i.bsp_event_to_button_action_assign      0x000209c0   Section        0  bsp.o(i.bsp_event_to_button_action_assign)
    i.bsp_indication_set                     0x00020a04   Section        0  bsp.o(i.bsp_indication_set)
    i.bsp_init                               0x00020a1c   Section        0  bsp.o(i.bsp_init)
    i.bsp_led_indication                     0x00020ab4   Section        0  bsp.o(i.bsp_led_indication)
    bsp_led_indication                       0x00020ab5   Thumb Code   252  bsp.o(i.bsp_led_indication)
    i.bsp_wakeup_button_enable               0x00020bb8   Section        0  bsp.o(i.bsp_wakeup_button_enable)
    i.button_timer_handler                   0x00020bc8   Section        0  bsp.o(i.button_timer_handler)
    button_timer_handler                     0x00020bc9   Thumb Code     8  bsp.o(i.button_timer_handler)
    i.channel_free                           0x00020bd0   Section        0  nrf_drv_gpiote.o(i.channel_free)
    channel_free                             0x00020bd1   Thumb Code    22  nrf_drv_gpiote.o(i.channel_free)
    i.channel_port_alloc                     0x00020bec   Section        0  nrf_drv_gpiote.o(i.channel_port_alloc)
    channel_port_alloc                       0x00020bed   Thumb Code    66  nrf_drv_gpiote.o(i.channel_port_alloc)
    i.channel_port_get                       0x00020c34   Section        0  nrf_drv_gpiote.o(i.channel_port_get)
    channel_port_get                         0x00020c35   Thumb Code    10  nrf_drv_gpiote.o(i.channel_port_get)
    i.clock_clk_started_notify               0x00020c44   Section        0  nrf_drv_clock.o(i.clock_clk_started_notify)
    clock_clk_started_notify                 0x00020c45   Thumb Code    34  nrf_drv_clock.o(i.clock_clk_started_notify)
    i.compare_reg_update                     0x00020c6c   Section        0  app_timer.o(i.compare_reg_update)
    compare_reg_update                       0x00020c6d   Thumb Code   160  app_timer.o(i.compare_reg_update)
    i.conn_int_encode                        0x00020d18   Section        0  ble_advdata.o(i.conn_int_encode)
    conn_int_encode                          0x00020d19   Thumb Code   136  ble_advdata.o(i.conn_int_encode)
    i.conn_params_error_handler              0x00020da0   Section        0  main.o(i.conn_params_error_handler)
    conn_params_error_handler                0x00020da1   Thumb Code     4  main.o(i.conn_params_error_handler)
    i.conn_params_negotiation                0x00020da4   Section        0  ble_conn_params.o(i.conn_params_negotiation)
    conn_params_negotiation                  0x00020da5   Thumb Code    78  ble_conn_params.o(i.conn_params_negotiation)
    i.detection_delay_timeout_handler        0x00020e00   Section        0  app_button.o(i.detection_delay_timeout_handler)
    detection_delay_timeout_handler          0x00020e01   Thumb Code    92  app_button.o(i.detection_delay_timeout_handler)
    i.elapsed_ticks_acquire                  0x00020e60   Section        0  app_timer.o(i.elapsed_ticks_acquire)
    elapsed_ticks_acquire                    0x00020e61   Thumb Code    58  app_timer.o(i.elapsed_ticks_acquire)
    i.fifo_get                               0x00020ea0   Section        0  app_fifo.o(i.fifo_get)
    fifo_get                                 0x00020ea1   Thumb Code    20  app_fifo.o(i.fifo_get)
    i.fifo_put                               0x00020eb4   Section        0  app_fifo.o(i.fifo_put)
    fifo_put                                 0x00020eb5   Thumb Code    18  app_fifo.o(i.fifo_put)
    i.fputc                                  0x00020ec6   Section        0  retarget.o(i.fputc)
    i.fs_queued_op_count_get                 0x00020ed4   Section        0  fstorage.o(i.fs_queued_op_count_get)
    i.gpiote_event_handler                   0x00020ee8   Section        0  app_button.o(i.gpiote_event_handler)
    gpiote_event_handler                     0x00020ee9   Thumb Code    78  app_button.o(i.gpiote_event_handler)
    i.intern_softdevice_events_execute       0x00020f40   Section        0  softdevice_handler.o(i.intern_softdevice_events_execute)
    i.interrupts_enable                      0x00020fb8   Section        0  nrf_drv_uart.o(i.interrupts_enable)
    interrupts_enable                        0x00020fb9   Thumb Code   106  nrf_drv_uart.o(i.interrupts_enable)
    i.is_conn_params_ok                      0x00021030   Section        0  ble_conn_params.o(i.is_conn_params_ok)
    is_conn_params_ok                        0x00021031   Thumb Code    24  ble_conn_params.o(i.is_conn_params_ok)
    i.leds_timer_handler                     0x0002104c   Section        0  bsp.o(i.leds_timer_handler)
    leds_timer_handler                       0x0002104d   Thumb Code    16  bsp.o(i.leds_timer_handler)
    i.list_deletions_handler                 0x00021060   Section        0  app_timer.o(i.list_deletions_handler)
    list_deletions_handler                   0x00021061   Thumb Code   158  app_timer.o(i.list_deletions_handler)
    i.list_insertions_handler                0x00021108   Section        0  app_timer.o(i.list_insertions_handler)
    list_insertions_handler                  0x00021109   Thumb Code   174  app_timer.o(i.list_insertions_handler)
    i.main                                   0x000211c0   Section        0  main.o(i.main)
    i.manuf_specific_data_encode             0x0002136c   Section        0  ble_advdata.o(i.manuf_specific_data_encode)
    manuf_specific_data_encode               0x0002136d   Thumb Code   100  ble_advdata.o(i.manuf_specific_data_encode)
    i.name_encode                            0x000213d0   Section        0  ble_advdata.o(i.name_encode)
    name_encode                              0x000213d1   Thumb Code   156  ble_advdata.o(i.name_encode)
    i.nrf_bitmask_bit_is_set                 0x0002146c   Section        0  nrf_drv_gpiote.o(i.nrf_bitmask_bit_is_set)
    nrf_bitmask_bit_is_set                   0x0002146d   Thumb Code    16  nrf_drv_gpiote.o(i.nrf_bitmask_bit_is_set)
    i.nrf_clock_event_check                  0x0002147c   Section        0  nrf_drv_clock.o(i.nrf_clock_event_check)
    nrf_clock_event_check                    0x0002147d   Thumb Code    14  nrf_drv_clock.o(i.nrf_clock_event_check)
    i.nrf_clock_event_clear                  0x0002148a   Section        0  nrf_drv_clock.o(i.nrf_clock_event_clear)
    nrf_clock_event_clear                    0x0002148b   Thumb Code    16  nrf_drv_clock.o(i.nrf_clock_event_clear)
    i.nrf_delay_us                           0x0002149c   Section        0  app_timer.o(i.nrf_delay_us)
    nrf_delay_us                             0x0002149d   Thumb Code   132  app_timer.o(i.nrf_delay_us)
    i.nrf_drv_clock_init                     0x00021528   Section        0  nrf_drv_clock.o(i.nrf_drv_clock_init)
    i.nrf_drv_clock_on_sd_enable             0x00021570   Section        0  nrf_drv_clock.o(i.nrf_drv_clock_on_sd_enable)
    i.nrf_drv_clock_on_soc_event             0x000215a0   Section        0  nrf_drv_clock.o(i.nrf_drv_clock_on_soc_event)
    i.nrf_drv_common_irq_enable              0x000215aa   Section        0  nrf_drv_common.o(i.nrf_drv_common_irq_enable)
    i.nrf_drv_get_IRQn                       0x000215e2   Section        0  nrf_drv_uart.o(i.nrf_drv_get_IRQn)
    nrf_drv_get_IRQn                         0x000215e3   Thumb Code     6  nrf_drv_uart.o(i.nrf_drv_get_IRQn)
    i.nrf_drv_gpiote_in_event_enable         0x000215e8   Section        0  nrf_drv_gpiote.o(i.nrf_drv_gpiote_in_event_enable)
    i.nrf_drv_gpiote_in_init                 0x0002168c   Section        0  nrf_drv_gpiote.o(i.nrf_drv_gpiote_in_init)
    i.nrf_drv_gpiote_in_is_set               0x00021744   Section        0  nrf_drv_gpiote.o(i.nrf_drv_gpiote_in_is_set)
    i.nrf_drv_gpiote_init                    0x00021758   Section        0  nrf_drv_gpiote.o(i.nrf_drv_gpiote_init)
    i.nrf_drv_gpiote_is_init                 0x000217b4   Section        0  nrf_drv_gpiote.o(i.nrf_drv_gpiote_is_init)
    i.nrf_drv_is_in_RAM                      0x000217c8   Section        0  nrf_drv_uart.o(i.nrf_drv_is_in_RAM)
    nrf_drv_is_in_RAM                        0x000217c9   Thumb Code    16  nrf_drv_uart.o(i.nrf_drv_is_in_RAM)
    i.nrf_drv_uart_init                      0x000217d8   Section        0  nrf_drv_uart.o(i.nrf_drv_uart_init)
    i.nrf_drv_uart_rx                        0x00021840   Section        0  nrf_drv_uart.o(i.nrf_drv_uart_rx)
    i.nrf_drv_uart_rx_enable                 0x000218f0   Section        0  nrf_drv_uart.o(i.nrf_drv_uart_rx_enable)
    i.nrf_drv_uart_rx_for_uart               0x00021920   Section        0  nrf_drv_uart.o(i.nrf_drv_uart_rx_for_uart)
    nrf_drv_uart_rx_for_uart                 0x00021921   Thumb Code   162  nrf_drv_uart.o(i.nrf_drv_uart_rx_for_uart)
    i.nrf_drv_uart_rx_for_uarte              0x000219c8   Section        0  nrf_drv_uart.o(i.nrf_drv_uart_rx_for_uarte)
    nrf_drv_uart_rx_for_uarte                0x000219c9   Thumb Code   172  nrf_drv_uart.o(i.nrf_drv_uart_rx_for_uarte)
    i.nrf_drv_uart_tx                        0x00021a78   Section        0  nrf_drv_uart.o(i.nrf_drv_uart_tx)
    i.nrf_drv_uart_tx_in_progress            0x00021b84   Section        0  nrf_drv_uart.o(i.nrf_drv_uart_tx_in_progress)
    i.nrf_gpio_cfg                           0x00021b9c   Section        0  boards.o(i.nrf_gpio_cfg)
    nrf_gpio_cfg                             0x00021b9d   Thumb Code    36  boards.o(i.nrf_gpio_cfg)
    i.nrf_gpio_cfg                           0x00021bc0   Section        0  nrf_drv_gpiote.o(i.nrf_gpio_cfg)
    nrf_gpio_cfg                             0x00021bc1   Thumb Code    36  nrf_drv_gpiote.o(i.nrf_gpio_cfg)
    i.nrf_gpio_cfg                           0x00021be4   Section        0  nrf_drv_uart.o(i.nrf_gpio_cfg)
    nrf_gpio_cfg                             0x00021be5   Thumb Code    36  nrf_drv_uart.o(i.nrf_gpio_cfg)
    i.nrf_gpio_cfg_input                     0x00021c08   Section        0  nrf_drv_uart.o(i.nrf_gpio_cfg_input)
    nrf_gpio_cfg_input                       0x00021c09   Thumb Code    18  nrf_drv_uart.o(i.nrf_gpio_cfg_input)
    i.nrf_gpio_cfg_output                    0x00021c1a   Section        0  nrf_drv_uart.o(i.nrf_gpio_cfg_output)
    nrf_gpio_cfg_output                      0x00021c1b   Thumb Code    20  nrf_drv_uart.o(i.nrf_gpio_cfg_output)
    i.nrf_gpio_cfg_sense_set                 0x00021c2e   Section        0  bsp.o(i.nrf_gpio_cfg_sense_set)
    nrf_gpio_cfg_sense_set                   0x00021c2f   Thumb Code    34  bsp.o(i.nrf_gpio_cfg_sense_set)
    i.nrf_gpio_cfg_sense_set                 0x00021c50   Section        0  nrf_drv_gpiote.o(i.nrf_gpio_cfg_sense_set)
    nrf_gpio_cfg_sense_set                   0x00021c51   Thumb Code    34  nrf_drv_gpiote.o(i.nrf_gpio_cfg_sense_set)
    i.nrf_gpio_ports_read                    0x00021c74   Section        0  nrf_drv_gpiote.o(i.nrf_gpio_ports_read)
    nrf_gpio_ports_read                      0x00021c75   Thumb Code    34  nrf_drv_gpiote.o(i.nrf_gpio_ports_read)
    i.nrf_gpiote_event_clear                 0x00021c9c   Section        0  nrf_drv_gpiote.o(i.nrf_gpiote_event_clear)
    nrf_gpiote_event_clear                   0x00021c9d   Thumb Code    16  nrf_drv_gpiote.o(i.nrf_gpiote_event_clear)
    i.nrf_gpiote_event_is_set                0x00021cb0   Section        0  nrf_drv_gpiote.o(i.nrf_gpiote_event_is_set)
    nrf_gpiote_event_is_set                  0x00021cb1   Thumb Code    12  nrf_drv_gpiote.o(i.nrf_gpiote_event_is_set)
    i.nrf_uart_event_check                   0x00021cc0   Section        0  nrf_drv_uart.o(i.nrf_uart_event_check)
    nrf_uart_event_check                     0x00021cc1   Thumb Code    10  nrf_drv_uart.o(i.nrf_uart_event_check)
    i.nrf_uart_event_clear                   0x00021cca   Section        0  nrf_drv_uart.o(i.nrf_uart_event_clear)
    nrf_uart_event_clear                     0x00021ccb   Thumb Code    12  nrf_drv_uart.o(i.nrf_uart_event_clear)
    i.nrf_uart_int_enable_check              0x00021cd6   Section        0  nrf_drv_uart.o(i.nrf_uart_int_enable_check)
    nrf_uart_int_enable_check                0x00021cd7   Thumb Code    12  nrf_drv_uart.o(i.nrf_uart_int_enable_check)
    i.nrf_uarte_event_check                  0x00021ce2   Section        0  nrf_drv_uart.o(i.nrf_uarte_event_check)
    nrf_uarte_event_check                    0x00021ce3   Thumb Code    10  nrf_drv_uart.o(i.nrf_uarte_event_check)
    i.nrf_uarte_event_clear                  0x00021cec   Section        0  nrf_drv_uart.o(i.nrf_uarte_event_clear)
    nrf_uarte_event_clear                    0x00021ced   Thumb Code    12  nrf_drv_uart.o(i.nrf_uarte_event_clear)
    i.nus_data_handler                       0x00021cf8   Section        0  main.o(i.nus_data_handler)
    nus_data_handler                         0x00021cf9   Thumb Code    48  main.o(i.nus_data_handler)
    i.on_adv_evt                             0x00021d28   Section        0  main.o(i.on_adv_evt)
    on_adv_evt                               0x00021d29   Thumb Code    36  main.o(i.on_adv_evt)
    i.on_ble_evt                             0x00021d4c   Section        0  main.o(i.on_ble_evt)
    on_ble_evt                               0x00021d4d   Thumb Code   228  main.o(i.on_ble_evt)
    i.on_conn_params_evt                     0x00021e34   Section        0  main.o(i.on_conn_params_evt)
    on_conn_params_evt                       0x00021e35   Thumb Code    24  main.o(i.on_conn_params_evt)
    i.pin_in_use_by_port                     0x00021e50   Section        0  nrf_drv_gpiote.o(i.pin_in_use_by_port)
    pin_in_use_by_port                       0x00021e51   Thumb Code    20  nrf_drv_gpiote.o(i.pin_in_use_by_port)
    i.pin_in_use_by_te                       0x00021e68   Section        0  nrf_drv_gpiote.o(i.pin_in_use_by_te)
    pin_in_use_by_te                         0x00021e69   Thumb Code    20  nrf_drv_gpiote.o(i.pin_in_use_by_te)
    i.rtc1_stop                              0x00021e80   Section        0  app_timer.o(i.rtc1_stop)
    rtc1_stop                                0x00021e81   Thumb Code    52  app_timer.o(i.rtc1_stop)
    i.rx_byte                                0x00021ebc   Section        0  nrf_drv_uart.o(i.rx_byte)
    rx_byte                                  0x00021ebd   Thumb Code    50  nrf_drv_uart.o(i.rx_byte)
    i.rx_char_add                            0x00021eee   Section        0  ble_nus.o(i.rx_char_add)
    rx_char_add                              0x00021eef   Thumb Code   220  ble_nus.o(i.rx_char_add)
    i.rx_done_event                          0x00021fca   Section        0  nrf_drv_uart.o(i.rx_done_event)
    rx_done_event                            0x00021fcb   Thumb Code    24  nrf_drv_uart.o(i.rx_done_event)
    i.rx_enable                              0x00021fe2   Section        0  nrf_drv_uart.o(i.rx_enable)
    rx_enable                                0x00021fe3   Thumb Code    32  nrf_drv_uart.o(i.rx_enable)
    i.sd_nvic_EnableIRQ                      0x00022004   Section        0  softdevice_handler.o(i.sd_nvic_EnableIRQ)
    sd_nvic_EnableIRQ                        0x00022005   Thumb Code   106  softdevice_handler.o(i.sd_nvic_EnableIRQ)
    i.service_data_encode                    0x00022074   Section        0  ble_advdata.o(i.service_data_encode)
    service_data_encode                      0x00022075   Thumb Code   136  ble_advdata.o(i.service_data_encode)
    i.set_adv_mode_fast                      0x000220fc   Section        0  ble_advertising.o(i.set_adv_mode_fast)
    set_adv_mode_fast                        0x000220fd   Thumb Code    64  ble_advertising.o(i.set_adv_mode_fast)
    i.set_adv_mode_slow                      0x00022144   Section        0  ble_advertising.o(i.set_adv_mode_slow)
    set_adv_mode_slow                        0x00022145   Thumb Code    60  ble_advertising.o(i.set_adv_mode_slow)
    i.sleep_mode_enter                       0x00022188   Section        0  main.o(i.sleep_mode_enter)
    sleep_mode_enter                         0x00022189   Thumb Code    40  main.o(i.sleep_mode_enter)
    i.softdevice_ble_evt_handler_set         0x000221b0   Section        0  softdevice_handler.o(i.softdevice_ble_evt_handler_set)
    i.softdevice_enable                      0x000221c4   Section        0  softdevice_handler.o(i.softdevice_enable)
    i.softdevice_enable_get_default_config   0x000221d8   Section        0  softdevice_handler.o(i.softdevice_enable_get_default_config)
    i.softdevice_fault_handler               0x000221fe   Section        0  softdevice_handler.o(i.softdevice_fault_handler)
    i.softdevice_handler_init                0x00022204   Section        0  softdevice_handler.o(i.softdevice_handler_init)
    i.softdevice_handler_is_enabled          0x00022268   Section        0  softdevice_handler.o(i.softdevice_handler_is_enabled)
    i.timer_list_handler                     0x00022274   Section        0  app_timer.o(i.timer_list_handler)
    timer_list_handler                       0x00022275   Thumb Code   134  app_timer.o(i.timer_list_handler)
    i.timer_list_insert                      0x00022300   Section        0  app_timer.o(i.timer_list_insert)
    timer_list_insert                        0x00022301   Thumb Code    56  app_timer.o(i.timer_list_insert)
    i.timer_stop_op_schedule                 0x0002233c   Section        0  app_timer.o(i.timer_stop_op_schedule)
    timer_stop_op_schedule                   0x0002233d   Thumb Code    68  app_timer.o(i.timer_stop_op_schedule)
    i.timer_timeouts_check                   0x00022384   Section        0  app_timer.o(i.timer_timeouts_check)
    timer_timeouts_check                     0x00022385   Thumb Code   124  app_timer.o(i.timer_timeouts_check)
    i.tx_byte                                0x00022408   Section        0  nrf_drv_uart.o(i.tx_byte)
    tx_byte                                  0x00022409   Thumb Code    32  nrf_drv_uart.o(i.tx_byte)
    i.tx_char_add                            0x00022428   Section        0  ble_nus.o(i.tx_char_add)
    tx_char_add                              0x00022429   Thumb Code   160  ble_nus.o(i.tx_char_add)
    i.tx_done_event                          0x000224c8   Section        0  nrf_drv_uart.o(i.tx_done_event)
    tx_done_event                            0x000224c9   Thumb Code    28  nrf_drv_uart.o(i.tx_done_event)
    i.uart_event_handle                      0x000224e4   Section        0  main.o(i.uart_event_handle)
    i.uart_event_handler                     0x00022540   Section        0  app_uart_fifo.o(i.uart_event_handler)
    uart_event_handler                       0x00022541   Thumb Code   152  app_uart_fifo.o(i.uart_event_handler)
    i.uart_irq_handler                       0x000225e0   Section        0  nrf_drv_uart.o(i.uart_irq_handler)
    uart_irq_handler                         0x000225e1   Thumb Code   286  nrf_drv_uart.o(i.uart_irq_handler)
    i.uarte_irq_handler                      0x000226fe   Section        0  nrf_drv_uart.o(i.uarte_irq_handler)
    uarte_irq_handler                        0x000226ff   Thumb Code   240  nrf_drv_uart.o(i.uarte_irq_handler)
    i.uint16_encode                          0x000227ee   Section        0  ble_advdata.o(i.uint16_encode)
    uint16_encode                            0x000227ef   Thumb Code    10  ble_advdata.o(i.uint16_encode)
    i.update_timeout_handler                 0x000227f8   Section        0  ble_conn_params.o(i.update_timeout_handler)
    update_timeout_handler                   0x000227f9   Thumb Code    88  ble_conn_params.o(i.update_timeout_handler)
    i.user_op_alloc                          0x00022858   Section        0  app_timer.o(i.user_op_alloc)
    user_op_alloc                            0x00022859   Thumb Code    42  app_timer.o(i.user_op_alloc)
    i.uuid_list_encode                       0x00022888   Section        0  ble_advdata.o(i.uuid_list_encode)
    uuid_list_encode                         0x00022889   Thumb Code    48  ble_advdata.o(i.uuid_list_encode)
    i.uuid_list_sized_encode                 0x000228b8   Section        0  ble_advdata.o(i.uuid_list_sized_encode)
    uuid_list_sized_encode                   0x000228b9   Thumb Code   158  ble_advdata.o(i.uuid_list_sized_encode)
    .constdata                               0x00022958   Section       28  main.o(.constdata)
    .constdata                               0x00022974   Section        8  boards.o(.constdata)
    m_board_led_list                         0x00022974   Data           4  boards.o(.constdata)
    m_board_btn_list                         0x00022978   Data           4  boards.o(.constdata)
    .constdata                               0x0002297c   Section       44  bsp.o(.constdata)
    m_leds_timer_id                          0x0002297c   Data           4  bsp.o(.constdata)
    m_alert_timer_id                         0x00022980   Data           4  bsp.o(.constdata)
    m_button_timer_id                        0x00022984   Data           4  bsp.o(.constdata)
    app_buttons                              0x00022988   Data          32  bsp.o(.constdata)
    .constdata                               0x000229a8   Section        4  ble_conn_params.o(.constdata)
    m_conn_params_timer_id                   0x000229a8   Data           4  ble_conn_params.o(.constdata)
    .constdata                               0x000229ac   Section       16  ble_nus.o(.constdata)
    .constdata                               0x000229bc   Section        4  nrf_drv_gpiote.o(.constdata)
    .constdata                               0x000229c0   Section        8  app_button.o(.constdata)
    m_detection_delay_timer_id               0x000229c0   Data           4  app_button.o(.constdata)
    .constdata                               0x000229c8   Section       32  app_uart_fifo.o(.constdata)
    .data                                    0x20002128   Section        8  main.o(.data)
    index                                    0x20002128   Data           1  main.o(.data)
    m_conn_handle                            0x2000212a   Data           2  main.o(.data)
    m_adv_uuids                              0x2000212c   Data           4  main.o(.data)
    .data                                    0x20002130   Section       20  bsp.o(.data)
    m_stable_state                           0x20002130   Data           1  bsp.o(.data)
    m_leds_clear                             0x20002131   Data           1  bsp.o(.data)
    current_long_push_pin_no                 0x20002132   Data           1  bsp.o(.data)
    m_app_ticks_per_100ms                    0x20002134   Data           4  bsp.o(.data)
    m_indication_type                        0x20002138   Data           4  bsp.o(.data)
    m_registered_callback                    0x2000213c   Data           4  bsp.o(.data)
    release_event_at_push                    0x20002140   Data           4  bsp.o(.data)
    .data                                    0x20002144   Section        8  bsp_btn_ble.o(.data)
    m_error_handler                          0x20002144   Data           4  bsp_btn_ble.o(.data)
    m_num_connections                        0x20002148   Data           4  bsp_btn_ble.o(.data)
    .data                                    0x2000214c   Section       31  ble_advertising.o(.data)
    m_initialized                            0x2000214c   Data           1  ble_advertising.o(.data)
    m_advertising_start_pending              0x2000214d   Data           1  ble_advertising.o(.data)
    m_adv_evt                                0x2000214e   Data           1  ble_advertising.o(.data)
    m_adv_mode_current                       0x2000214f   Data           1  ble_advertising.o(.data)
    m_peer_addr_reply_expected               0x20002150   Data           1  ble_advertising.o(.data)
    m_whitelist_temporarily_disabled         0x20002151   Data           1  ble_advertising.o(.data)
    m_whitelist_reply_expected               0x20002152   Data           1  ble_advertising.o(.data)
    m_whitelist_in_use                       0x20002153   Data           1  ble_advertising.o(.data)
    m_current_slave_link_conn_handle         0x20002154   Data           2  ble_advertising.o(.data)
    m_slave_conn_int                         0x20002156   Data           4  ble_advertising.o(.data)
    m_evt_handler                            0x2000215c   Data           4  ble_advertising.o(.data)
    m_error_handler                          0x20002160   Data           4  ble_advertising.o(.data)
    m_peer_address                           0x20002164   Data           7  ble_advertising.o(.data)
    .data                                    0x2000216c   Section       20  ble_conn_params.o(.data)
    m_change_param                           0x2000216c   Data           1  ble_conn_params.o(.data)
    m_update_count                           0x2000216d   Data           1  ble_conn_params.o(.data)
    m_conn_handle                            0x2000216e   Data           2  ble_conn_params.o(.data)
    m_preferred_conn_params                  0x20002170   Data           8  ble_conn_params.o(.data)
    m_current_conn_params                    0x20002178   Data           8  ble_conn_params.o(.data)
    .data                                    0x20002180   Section       20  app_button.o(.data)
    m_button_count                           0x20002180   Data           1  app_button.o(.data)
    mp_buttons                               0x20002184   Data           4  app_button.o(.data)
    m_detection_delay                        0x20002188   Data           4  app_button.o(.data)
    m_pin_state                              0x2000218c   Data           4  app_button.o(.data)
    m_pin_transition                         0x20002190   Data           4  app_button.o(.data)
    .data                                    0x20002194   Section       32  app_timer.o(.data)
    m_ticks_elapsed_q_read_ind               0x20002194   Data           1  app_timer.o(.data)
    m_ticks_elapsed_q_write_ind              0x20002195   Data           1  app_timer.o(.data)
    m_rtc1_running                           0x20002196   Data           1  app_timer.o(.data)
    m_rtc1_reset                             0x20002197   Data           1  app_timer.o(.data)
    mp_timer_id_head                         0x20002198   Data           4  app_timer.o(.data)
    m_ticks_latest                           0x2000219c   Data           4  app_timer.o(.data)
    m_evt_schedule_func                      0x200021a0   Data           4  app_timer.o(.data)
    m_op_queue                               0x200021a4   Data           8  app_timer.o(.data)
    m_ticks_elapsed                          0x200021ac   Data           8  app_timer.o(.data)
    .data                                    0x200021b4   Section       16  app_uart_fifo.o(.data)
    tx_buffer                                0x200021b4   Data           1  app_uart_fifo.o(.data)
    rx_buffer                                0x200021b5   Data           1  app_uart_fifo.o(.data)
    m_rx_ovf                                 0x200021b6   Data           1  app_uart_fifo.o(.data)
    m_event_handler                          0x200021b8   Data           4  app_uart_fifo.o(.data)
    app_uart_inst                            0x200021bc   Data           8  app_uart_fifo.o(.data)
    .data                                    0x200021c4   Section        4  retarget.o(.data)
    .data                                    0x200021c8   Section       20  softdevice_handler.o(.data)
    m_softdevice_enabled                     0x200021c8   Data           1  softdevice_handler.o(.data)
    m_suspended                              0x200021c9   Data           1  softdevice_handler.o(.data)
    m_ble_evt_buffer_size                    0x200021ca   Data           2  softdevice_handler.o(.data)
    m_evt_schedule_func                      0x200021cc   Data           4  softdevice_handler.o(.data)
    mp_ble_evt_buffer                        0x200021d0   Data           4  softdevice_handler.o(.data)
    m_ble_evt_handler                        0x200021d4   Data           4  softdevice_handler.o(.data)
    m_sys_evt_handler                        0x200021d8   Data           4  softdevice_handler.o(.data)
    .data                                    0x200021dc   Section        4  system_nrf52.o(.data)
    __tagsym$$used                           0x200021dc   Number         0  system_nrf52.o(.data)
    .bss                                     0x200021e0   Section      760  main.o(.bss)
    BLE_EVT_BUFFER                           0x200021e0   Data          80  main.o(.bss)
    data_array                               0x20002230   Data          20  main.o(.bss)
    rx_buf                                   0x20002244   Data         256  main.o(.bss)
    tx_buf                                   0x20002344   Data         256  main.o(.bss)
    APP_TIMER_BUF                            0x20002444   Data         120  main.o(.bss)
    m_nus                                    0x200024bc   Data          28  main.o(.bss)
    .bss                                     0x200024d8   Section       32  bsp.o(.bss)
    m_leds_timer_id_data                     0x200024d8   Data          32  bsp.o(.bss)
    .bss                                     0x200024f8   Section       32  bsp.o(.bss)
    m_alert_timer_id_data                    0x200024f8   Data          32  bsp.o(.bss)
    .bss                                     0x20002518   Section       12  bsp.o(.bss)
    m_events_list                            0x20002518   Data          12  bsp.o(.bss)
    .bss                                     0x20002524   Section       32  bsp.o(.bss)
    m_button_timer_id_data                   0x20002524   Data          32  bsp.o(.bss)
    .bss                                     0x20002544   Section      179  ble_advertising.o(.bss)
    m_adv_modes_config                       0x20002544   Data          32  ble_advertising.o(.bss)
    m_advdata                                0x20002564   Data          60  ble_advertising.o(.bss)
    m_manuf_specific_data                    0x200025a0   Data          12  ble_advertising.o(.bss)
    m_manuf_data_array                       0x200025ac   Data          31  ble_advertising.o(.bss)
    m_service_data                           0x200025cc   Data          12  ble_advertising.o(.bss)
    m_service_data_array                     0x200025d8   Data          31  ble_advertising.o(.bss)
    .bss                                     0x200025f8   Section       32  ble_conn_params.o(.bss)
    m_conn_params_timer_id_data              0x200025f8   Data          32  ble_conn_params.o(.bss)
    .bss                                     0x20002618   Section       28  ble_conn_params.o(.bss)
    m_conn_params_config                     0x20002618   Data          28  ble_conn_params.o(.bss)
    .bss                                     0x20002634   Section       20  nrf_drv_clock.o(.bss)
    m_clock_cb                               0x20002634   Data          20  nrf_drv_clock.o(.bss)
    .bss                                     0x20002648   Section       88  nrf_drv_gpiote.o(.bss)
    m_cb                                     0x20002648   Data          88  nrf_drv_gpiote.o(.bss)
    .bss                                     0x200026a0   Section       32  nrf_drv_uart.o(.bss)
    m_cb                                     0x200026a0   Data          32  nrf_drv_uart.o(.bss)
    .bss                                     0x200026c0   Section       32  app_button.o(.bss)
    m_detection_delay_timer_id_data          0x200026c0   Data          32  app_button.o(.bss)
    .bss                                     0x200026e0   Section       32  app_uart_fifo.o(.bss)
    m_rx_fifo                                0x200026e0   Data          16  app_uart_fifo.o(.bss)
    m_tx_fifo                                0x200026f0   Data          16  app_uart_fifo.o(.bss)
    .bss                                     0x20002700   Section       12  app_util_platform.o(.bss)
    .bss                                     0x2000270c   Section      104  fstorage.o(.bss)
    m_queue                                  0x2000270c   Data         104  fstorage.o(.bss)
    STACK                                    0x20002778   Section     8192  arm_startup_nrf52.o(STACK)

    Global Symbols

    Symbol Name                              Value     Ov Type        Size  Object(Section)

    BuildAttributes$$THM_ISAv4$E$P$D$K$B$S$7EM$VFPi3$EXTD16$VFPS$VFMA$PE$A:L22UL41UL21$X:L11$S22US41US21$IEEE1$IW$USESV6$~STKCKD$USESV7$~SHL$OSPACE$ROPI$EBA8$MICROLIB$REQ8$PRES8$EABIv2 0x00000000   Number         0  anon$$obj.o ABSOLUTE
    __ARM_use_no_argv                        0x00000000   Number         0  main.o ABSOLUTE
    __arm_fini_                               - Undefined Weak Reference
    __cpp_initialize__aeabi_                  - Undefined Weak Reference
    __cxa_finalize                            - Undefined Weak Reference
    __decompress                              - Undefined Weak Reference
    _clock_init                               - Undefined Weak Reference
    _microlib_exit                            - Undefined Weak Reference
    fs_data$$Base                             - Undefined Reference
    fs_data$$Limit                            - Undefined Reference
    __Vectors_Size                           0x00000400   Number         0  arm_startup_nrf52.o ABSOLUTE
    __Vectors                                0x0001f000   Data           4  arm_startup_nrf52.o(RESET)
    __Vectors_End                            0x0001f400   Data           0  arm_startup_nrf52.o(RESET)
    __main                                   0x0001f401   Thumb Code     0  entry.o(.ARM.Collect$$$$00000000)
    _main_stk                                0x0001f401   Thumb Code     0  entry2.o(.ARM.Collect$$$$00000001)
    _main_scatterload                        0x0001f405   Thumb Code     0  entry5.o(.ARM.Collect$$$$00000004)
    __main_after_scatterload                 0x0001f409   Thumb Code     0  entry5.o(.ARM.Collect$$$$00000004)
    _main_clock                              0x0001f409   Thumb Code     0  entry7b.o(.ARM.Collect$$$$00000008)
    _main_cpp_init                           0x0001f409   Thumb Code     0  entry8b.o(.ARM.Collect$$$$0000000A)
    _main_init                               0x0001f409   Thumb Code     0  entry9a.o(.ARM.Collect$$$$0000000B)
    __rt_lib_shutdown_fini                   0x0001f411   Thumb Code     0  entry12b.o(.ARM.Collect$$$$0000000E)
    __rt_final_cpp                           0x0001f415   Thumb Code     0  entry10a.o(.ARM.Collect$$$$0000000F)
    __rt_final_exit                          0x0001f415   Thumb Code     0  entry11a.o(.ARM.Collect$$$$00000011)
    Reset_Handler                            0x0001f419   Thumb Code     8  arm_startup_nrf52.o(.text)
    NMI_Handler                              0x0001f421   Thumb Code     2  arm_startup_nrf52.o(.text)
    HardFault_Handler                        0x0001f423   Thumb Code     2  arm_startup_nrf52.o(.text)
    MemoryManagement_Handler                 0x0001f425   Thumb Code     2  arm_startup_nrf52.o(.text)
    BusFault_Handler                         0x0001f427   Thumb Code     2  arm_startup_nrf52.o(.text)
    UsageFault_Handler                       0x0001f429   Thumb Code     2  arm_startup_nrf52.o(.text)
    SVC_Handler                              0x0001f42b   Thumb Code     2  arm_startup_nrf52.o(.text)
    DebugMon_Handler                         0x0001f42d   Thumb Code     2  arm_startup_nrf52.o(.text)
    PendSV_Handler                           0x0001f42f   Thumb Code     2  arm_startup_nrf52.o(.text)
    SysTick_Handler                          0x0001f431   Thumb Code     2  arm_startup_nrf52.o(.text)
    CCM_AAR_IRQHandler                       0x0001f433   Thumb Code     0  arm_startup_nrf52.o(.text)
    COMP_LPCOMP_IRQHandler                   0x0001f433   Thumb Code     0  arm_startup_nrf52.o(.text)
    ECB_IRQHandler                           0x0001f433   Thumb Code     0  arm_startup_nrf52.o(.text)
    FPU_IRQHandler                           0x0001f433   Thumb Code     0  arm_startup_nrf52.o(.text)
    I2S_IRQHandler                           0x0001f433   Thumb Code     0  arm_startup_nrf52.o(.text)
    MWU_IRQHandler                           0x0001f433   Thumb Code     0  arm_startup_nrf52.o(.text)
    NFCT_IRQHandler                          0x0001f433   Thumb Code     0  arm_startup_nrf52.o(.text)
    PDM_IRQHandler                           0x0001f433   Thumb Code     0  arm_startup_nrf52.o(.text)
    PWM0_IRQHandler                          0x0001f433   Thumb Code     0  arm_startup_nrf52.o(.text)
    PWM1_IRQHandler                          0x0001f433   Thumb Code     0  arm_startup_nrf52.o(.text)
    PWM2_IRQHandler                          0x0001f433   Thumb Code     0  arm_startup_nrf52.o(.text)
    QDEC_IRQHandler                          0x0001f433   Thumb Code     0  arm_startup_nrf52.o(.text)
    RADIO_IRQHandler                         0x0001f433   Thumb Code     0  arm_startup_nrf52.o(.text)
    RNG_IRQHandler                           0x0001f433   Thumb Code     0  arm_startup_nrf52.o(.text)
    RTC0_IRQHandler                          0x0001f433   Thumb Code     0  arm_startup_nrf52.o(.text)
    RTC2_IRQHandler                          0x0001f433   Thumb Code     0  arm_startup_nrf52.o(.text)
    SAADC_IRQHandler                         0x0001f433   Thumb Code     0  arm_startup_nrf52.o(.text)
    SPIM0_SPIS0_TWIM0_TWIS0_SPI0_TWI0_IRQHandler 0x0001f433   Thumb Code     0  arm_startup_nrf52.o(.text)
    SPIM1_SPIS1_TWIM1_TWIS1_SPI1_TWI1_IRQHandler 0x0001f433   Thumb Code     0  arm_startup_nrf52.o(.text)
    SPIM2_SPIS2_SPI2_IRQHandler              0x0001f433   Thumb Code     0  arm_startup_nrf52.o(.text)
    SWI1_EGU1_IRQHandler                     0x0001f433   Thumb Code     0  arm_startup_nrf52.o(.text)
    SWI3_EGU3_IRQHandler                     0x0001f433   Thumb Code     0  arm_startup_nrf52.o(.text)
    SWI4_EGU4_IRQHandler                     0x0001f433   Thumb Code     0  arm_startup_nrf52.o(.text)
    SWI5_EGU5_IRQHandler                     0x0001f433   Thumb Code     0  arm_startup_nrf52.o(.text)
    TEMP_IRQHandler                          0x0001f433   Thumb Code     0  arm_startup_nrf52.o(.text)
    TIMER0_IRQHandler                        0x0001f433   Thumb Code     0  arm_startup_nrf52.o(.text)
    TIMER1_IRQHandler                        0x0001f433   Thumb Code     0  arm_startup_nrf52.o(.text)
    TIMER2_IRQHandler                        0x0001f433   Thumb Code     0  arm_startup_nrf52.o(.text)
    TIMER3_IRQHandler                        0x0001f433   Thumb Code     0  arm_startup_nrf52.o(.text)
    TIMER4_IRQHandler                        0x0001f433   Thumb Code     0  arm_startup_nrf52.o(.text)
    WDT_IRQHandler                           0x0001f433   Thumb Code     0  arm_startup_nrf52.o(.text)
    __aeabi_memcpy                           0x0001f43d   Thumb Code    36  memcpya.o(.text)
    __aeabi_memcpy4                          0x0001f43d   Thumb Code     0  memcpya.o(.text)
    __aeabi_memcpy8                          0x0001f43d   Thumb Code     0  memcpya.o(.text)
    __aeabi_memset                           0x0001f461   Thumb Code    14  memseta.o(.text)
    __aeabi_memset4                          0x0001f461   Thumb Code     0  memseta.o(.text)
    __aeabi_memset8                          0x0001f461   Thumb Code     0  memseta.o(.text)
    __aeabi_memclr                           0x0001f46f   Thumb Code     4  memseta.o(.text)
    __aeabi_memclr4                          0x0001f46f   Thumb Code     0  memseta.o(.text)
    __aeabi_memclr8                          0x0001f46f   Thumb Code     0  memseta.o(.text)
    _memset$wrapper                          0x0001f473   Thumb Code    18  memseta.o(.text)
    __scatterload                            0x0001f485   Thumb Code    28  init.o(.text)
    __scatterload_rt2                        0x0001f485   Thumb Code     0  init.o(.text)
    GPIOTE_IRQHandler                        0x0001f4a9   Thumb Code   362  nrf_drv_gpiote.o(i.GPIOTE_IRQHandler)
    POWER_CLOCK_IRQHandler                   0x0001f6ad   Thumb Code    84  nrf_drv_clock.o(i.POWER_CLOCK_IRQHandler)
    RTC1_IRQHandler                          0x0001f705   Thumb Code    32  app_timer.o(i.RTC1_IRQHandler)
    SWI0_EGU0_IRQHandler                     0x0001f729   Thumb Code     4  app_timer.o(i.SWI0_EGU0_IRQHandler)
    SWI2_EGU2_IRQHandler                     0x0001f72d   Thumb Code    32  softdevice_handler.o(i.SWI2_EGU2_IRQHandler)
    SystemInit                               0x0001f751   Thumb Code   610  system_nrf52.o(i.SystemInit)
    UARTE0_UART0_IRQHandler                  0x0001f9ed   Thumb Code    20  nrf_drv_uart.o(i.UARTE0_UART0_IRQHandler)
    __0printf$bare                           0x0001fa09   Thumb Code     8  printfb.o(i.__0printf$bare)
    __1printf$bare                           0x0001fa09   Thumb Code     0  printfb.o(i.__0printf$bare)
    __2printf                                0x0001fa09   Thumb Code     0  printfb.o(i.__0printf$bare)
    __scatterload_copy                       0x0001fa19   Thumb Code    14  handlers.o(i.__scatterload_copy)
    __scatterload_null                       0x0001fa27   Thumb Code     2  handlers.o(i.__scatterload_null)
    __scatterload_zeroinit                   0x0001fa29   Thumb Code    14  handlers.o(i.__scatterload_zeroinit)
    adv_data_encode                          0x0001fa7f   Thumb Code   386  ble_advdata.o(i.adv_data_encode)
    app_button_enable                        0x0001fc95   Thumb Code    32  app_button.o(i.app_button_enable)
    app_button_init                          0x0001fcb9   Thumb Code    96  app_button.o(i.app_button_init)
    app_error_fault_handler                  0x0001fd29   Thumb Code    26  app_error_weak.o(i.app_error_fault_handler)
    app_error_handler_bare                   0x0001fd4d   Thumb Code    22  app_error.o(i.app_error_handler_bare)
    app_fifo_get                             0x0001fd63   Thumb Code    22  app_fifo.o(i.app_fifo_get)
    app_fifo_init                            0x0001fd79   Thumb Code    32  app_fifo.o(i.app_fifo_init)
    app_fifo_put                             0x0001fd99   Thumb Code    26  app_fifo.o(i.app_fifo_put)
    app_timer_create                         0x0001fdb5   Thumb Code    36  app_timer.o(i.app_timer_create)
    app_timer_init                           0x0001fddd   Thumb Code   102  app_timer.o(i.app_timer_init)
    app_timer_start                          0x0001fe4d   Thumb Code   128  app_timer.o(i.app_timer_start)
    app_timer_stop                           0x0001fed5   Thumb Code    26  app_timer.o(i.app_timer_stop)
    app_uart_get                             0x0001fef5   Thumb Code    42  app_uart_fifo.o(i.app_uart_get)
    app_uart_init                            0x0001ff29   Thumb Code   164  app_uart_fifo.o(i.app_uart_init)
    app_uart_put                             0x0001ffdd   Thumb Code    52  app_uart_fifo.o(i.app_uart_put)
    app_util_critical_region_enter           0x00020019   Thumb Code    64  app_util_platform.o(i.app_util_critical_region_enter)
    app_util_critical_region_exit            0x00020061   Thumb Code    46  app_util_platform.o(i.app_util_critical_region_exit)
    ble_advdata_set                          0x0002014d   Thumb Code   104  ble_advdata.o(i.ble_advdata_set)
    ble_advertising_init                     0x000201b5   Thumb Code   278  ble_advertising.o(i.ble_advertising_init)
    ble_advertising_on_ble_evt               0x000202d5   Thumb Code    88  ble_advertising.o(i.ble_advertising_on_ble_evt)
    ble_advertising_restart_without_whitelist 0x00020331   Thumb Code    50  ble_advertising.o(i.ble_advertising_restart_without_whitelist)
    ble_advertising_start                    0x0002036d   Thumb Code   250  ble_advertising.o(i.ble_advertising_start)
    ble_conn_params_init                     0x00020471   Thumb Code    72  ble_conn_params.o(i.ble_conn_params_init)
    ble_conn_params_on_ble_evt               0x000204c9   Thumb Code   120  ble_conn_params.o(i.ble_conn_params_on_ble_evt)
    ble_nus_init                             0x000205d9   Thumb Code    98  ble_nus.o(i.ble_nus_init)
    ble_nus_on_ble_evt                       0x00020641   Thumb Code    92  ble_nus.o(i.ble_nus_on_ble_evt)
    ble_nus_string_send                      0x0002069d   Thumb Code    78  ble_nus.o(i.ble_nus_string_send)
    ble_srv_is_notification_enabled          0x000206eb   Thumb Code     8  ble_srv_common.o(i.ble_srv_is_notification_enabled)
    bsp_board_button_idx_to_pin              0x00020751   Thumb Code     6  boards.o(i.bsp_board_button_idx_to_pin)
    bsp_board_button_state_get               0x0002075d   Thumb Code    28  boards.o(i.bsp_board_button_state_get)
    bsp_board_led_invert                     0x0002077d   Thumb Code    32  boards.o(i.bsp_board_led_invert)
    bsp_board_led_state_get                  0x000207a1   Thumb Code    28  boards.o(i.bsp_board_led_state_get)
    bsp_board_leds_init                      0x000207c1   Thumb Code    38  boards.o(i.bsp_board_leds_init)
    bsp_board_leds_off                       0x000207ed   Thumb Code    10  boards.o(i.bsp_board_leds_off)
    bsp_board_pin_to_button_idx              0x000207f9   Thumb Code    30  boards.o(i.bsp_board_pin_to_button_idx)
    bsp_btn_ble_init                         0x0002081d   Thumb Code    52  bsp_btn_ble.o(i.bsp_btn_ble_init)
    bsp_btn_ble_on_ble_evt                   0x00020855   Thumb Code   106  bsp_btn_ble.o(i.bsp_btn_ble_on_ble_evt)
    bsp_btn_ble_sleep_mode_prepare           0x000208c5   Thumb Code    30  bsp_btn_ble.o(i.bsp_btn_ble_sleep_mode_prepare)
    bsp_button_is_pressed                    0x00020979   Thumb Code     4  bsp.o(i.bsp_button_is_pressed)
    bsp_event_handler                        0x0002097d   Thumb Code    64  main.o(i.bsp_event_handler)
    bsp_event_to_button_action_assign        0x000209c1   Thumb Code    64  bsp.o(i.bsp_event_to_button_action_assign)
    bsp_indication_set                       0x00020a05   Thumb Code    20  bsp.o(i.bsp_indication_set)
    bsp_init                                 0x00020a1d   Thumb Code   132  bsp.o(i.bsp_init)
    bsp_wakeup_button_enable                 0x00020bb9   Thumb Code    16  bsp.o(i.bsp_wakeup_button_enable)
    fputc                                    0x00020ec7   Thumb Code    14  retarget.o(i.fputc)
    fs_queued_op_count_get                   0x00020ed5   Thumb Code    16  fstorage.o(i.fs_queued_op_count_get)
    intern_softdevice_events_execute         0x00020f41   Thumb Code   114  softdevice_handler.o(i.intern_softdevice_events_execute)
    main                                     0x000211c1   Thumb Code   360  main.o(i.main)
    nrf_drv_clock_init                       0x00021529   Thumb Code    64  nrf_drv_clock.o(i.nrf_drv_clock_init)
    nrf_drv_clock_on_sd_enable               0x00021571   Thumb Code    44  nrf_drv_clock.o(i.nrf_drv_clock_on_sd_enable)
    nrf_drv_clock_on_soc_event               0x000215a1   Thumb Code    10  nrf_drv_clock.o(i.nrf_drv_clock_on_soc_event)
    nrf_drv_common_irq_enable                0x000215ab   Thumb Code    56  nrf_drv_common.o(i.nrf_drv_common_irq_enable)
    nrf_drv_gpiote_in_event_enable           0x000215e9   Thumb Code   156  nrf_drv_gpiote.o(i.nrf_drv_gpiote_in_event_enable)
    nrf_drv_gpiote_in_init                   0x0002168d   Thumb Code   172  nrf_drv_gpiote.o(i.nrf_drv_gpiote_in_init)
    nrf_drv_gpiote_in_is_set                 0x00021745   Thumb Code    20  nrf_drv_gpiote.o(i.nrf_drv_gpiote_in_is_set)
    nrf_drv_gpiote_init                      0x00021759   Thumb Code    84  nrf_drv_gpiote.o(i.nrf_drv_gpiote_init)
    nrf_drv_gpiote_is_init                   0x000217b5   Thumb Code    14  nrf_drv_gpiote.o(i.nrf_drv_gpiote_is_init)
    nrf_drv_uart_init                        0x000217d9   Thumb Code    98  nrf_drv_uart.o(i.nrf_drv_uart_init)
    nrf_drv_uart_rx                          0x00021841   Thumb Code   170  nrf_drv_uart.o(i.nrf_drv_uart_rx)
    nrf_drv_uart_rx_enable                   0x000218f1   Thumb Code    42  nrf_drv_uart.o(i.nrf_drv_uart_rx_enable)
    nrf_drv_uart_tx                          0x00021a79   Thumb Code   262  nrf_drv_uart.o(i.nrf_drv_uart_tx)
    nrf_drv_uart_tx_in_progress              0x00021b85   Thumb Code    18  nrf_drv_uart.o(i.nrf_drv_uart_tx_in_progress)
    softdevice_ble_evt_handler_set           0x000221b1   Thumb Code    14  softdevice_handler.o(i.softdevice_ble_evt_handler_set)
    softdevice_enable                        0x000221c5   Thumb Code    14  softdevice_handler.o(i.softdevice_enable)
    softdevice_enable_get_default_config     0x000221d9   Thumb Code    38  softdevice_handler.o(i.softdevice_enable_get_default_config)
    softdevice_fault_handler                 0x000221ff   Thumb Code     4  softdevice_handler.o(i.softdevice_fault_handler)
    softdevice_handler_init                  0x00022205   Thumb Code    92  softdevice_handler.o(i.softdevice_handler_init)
    softdevice_handler_is_enabled            0x00022269   Thumb Code     6  softdevice_handler.o(i.softdevice_handler_is_enabled)
    uart_event_handle                        0x000224e5   Thumb Code    84  main.o(i.uart_event_handle)
    Region$$Table$$Base                      0x000229e8   Number         0  anon$$obj.o(Region$$Table)
    Region$$Table$$Limit                     0x00022a08   Number         0  anon$$obj.o(Region$$Table)
    Image$$RW_IRAM1$$Base                    0x20002128   Number         0  anon$$obj.o ABSOLUTE
    __stdout                                 0x200021c4   Data           4  retarget.o(.data)
    SystemCoreClock                          0x200021dc   Data           4  system_nrf52.o(.data)
    nrf_nvic_state                           0x20002700   Data          12  app_util_platform.o(.bss)
    __initial_sp                             0x20004778   Data           0  arm_startup_nrf52.o(STACK)



==============================================================================

Memory Map of the image

  Image Entry point : 0x0001f401

  Load Region LR_IROM1 (Base: 0x0001f000, Size: 0x00003ac0, Max: 0x00061000, ABSOLUTE)

    Execution Region ER_IROM1 (Exec base: 0x0001f000, Load base: 0x0001f000, Size: 0x00003a08, Max: 0x00061000, ABSOLUTE)

    Exec Addr    Load Addr    Size         Type   Attr      Idx    E Section Name        Object

    0x0001f000   0x0001f000   0x00000400   Data   RO         2683    RESET               arm_startup_nrf52.o
    0x0001f400   0x0001f400   0x00000000   Code   RO         2724  * .ARM.Collect$$$$00000000  mc_w.l(entry.o)
    0x0001f400   0x0001f400   0x00000004   Code   RO         2997    .ARM.Collect$$$$00000001  mc_w.l(entry2.o)
    0x0001f404   0x0001f404   0x00000004   Code   RO         3000    .ARM.Collect$$$$00000004  mc_w.l(entry5.o)
    0x0001f408   0x0001f408   0x00000000   Code   RO         3002    .ARM.Collect$$$$00000008  mc_w.l(entry7b.o)
    0x0001f408   0x0001f408   0x00000000   Code   RO         3004    .ARM.Collect$$$$0000000A  mc_w.l(entry8b.o)
    0x0001f408   0x0001f408   0x00000008   Code   RO         3005    .ARM.Collect$$$$0000000B  mc_w.l(entry9a.o)
    0x0001f410   0x0001f410   0x00000004   Code   RO         3012    .ARM.Collect$$$$0000000E  mc_w.l(entry12b.o)
    0x0001f414   0x0001f414   0x00000000   Code   RO         3007    .ARM.Collect$$$$0000000F  mc_w.l(entry10a.o)
    0x0001f414   0x0001f414   0x00000000   Code   RO         3009    .ARM.Collect$$$$00000011  mc_w.l(entry11a.o)
    0x0001f414   0x0001f414   0x00000004   Code   RO         2998    .ARM.Collect$$$$00002712  mc_w.l(entry2.o)
    0x0001f418   0x0001f418   0x00000024   Code   RO         2684    .text               arm_startup_nrf52.o
    0x0001f43c   0x0001f43c   0x00000024   Code   RO         2727    .text               mc_w.l(memcpya.o)
    0x0001f460   0x0001f460   0x00000024   Code   RO         2729    .text               mc_w.l(memseta.o)
    0x0001f484   0x0001f484   0x00000024   Code   RO         3028    .text               mc_w.l(init.o)
    0x0001f4a8   0x0001f4a8   0x00000174   Code   RO         1176    i.GPIOTE_IRQHandler  nrf_drv_gpiote.o
    0x0001f61c   0x0001f61c   0x00000016   Code   RO         1865    i.NVIC_ClearPendingIRQ  app_timer.o
    0x0001f632   0x0001f632   0x00000016   Code   RO         2536    i.NVIC_DisableIRQ   softdevice_handler.o
    0x0001f648   0x0001f648   0x00000016   Code   RO         1866    i.NVIC_EnableIRQ    app_timer.o
    0x0001f65e   0x0001f65e   0x00000016   Code   RO         2537    i.NVIC_EnableIRQ    softdevice_handler.o
    0x0001f674   0x0001f674   0x00000016   Code   RO         1867    i.NVIC_SetPendingIRQ  app_timer.o
    0x0001f68a   0x0001f68a   0x00000020   Code   RO         1868    i.NVIC_SetPriority  app_timer.o
    0x0001f6aa   0x0001f6aa   0x00000002   PAD
    0x0001f6ac   0x0001f6ac   0x00000058   Code   RO          950    i.POWER_CLOCK_IRQHandler  nrf_drv_clock.o
    0x0001f704   0x0001f704   0x00000024   Code   RO         1869    i.RTC1_IRQHandler   app_timer.o
    0x0001f728   0x0001f728   0x00000004   Code   RO         1870    i.SWI0_EGU0_IRQHandler  app_timer.o
    0x0001f72c   0x0001f72c   0x00000024   Code   RO         2538    i.SWI2_EGU2_IRQHandler  softdevice_handler.o
    0x0001f750   0x0001f750   0x0000029c   Code   RO         2692    i.SystemInit        system_nrf52.o
    0x0001f9ec   0x0001f9ec   0x0000001c   Code   RO         1419    i.UARTE0_UART0_IRQHandler  nrf_drv_uart.o
    0x0001fa08   0x0001fa08   0x00000010   Code   RO         2738    i.__0printf$bare    mc_w.l(printfb.o)
    0x0001fa18   0x0001fa18   0x0000000e   Code   RO         3040    i.__scatterload_copy  mc_w.l(handlers.o)
    0x0001fa26   0x0001fa26   0x00000002   Code   RO         3041    i.__scatterload_null  mc_w.l(handlers.o)
    0x0001fa28   0x0001fa28   0x0000000e   Code   RO         3042    i.__scatterload_zeroinit  mc_w.l(handlers.o)
    0x0001fa36   0x0001fa36   0x00000002   PAD
    0x0001fa38   0x0001fa38   0x00000024   Code   RO         2539    i.__sd_nvic_app_accessible_irq  softdevice_handler.o
    0x0001fa5c   0x0001fa5c   0x00000022   Code   RO         2745    i._printf_core      mc_w.l(printfb.o)
    0x0001fa7e   0x0001fa7e   0x00000182   Code   RO          596    i.adv_data_encode   ble_advdata.o
    0x0001fc00   0x0001fc00   0x00000058   Code   RO          685    i.adv_mode_next_avail_get  ble_advertising.o
    0x0001fc58   0x0001fc58   0x00000036   Code   RO          514    i.advertising_buttons_configure  bsp_btn_ble.o
    0x0001fc8e   0x0001fc8e   0x00000006   Code   RO          399    i.alert_timer_handler  bsp.o
    0x0001fc94   0x0001fc94   0x00000024   Code   RO         1654    i.app_button_enable  app_button.o
    0x0001fcb8   0x0001fcb8   0x00000070   Code   RO         1655    i.app_button_init   app_button.o
    0x0001fd28   0x0001fd28   0x00000024   Code   RO         1761    i.app_error_fault_handler  app_error_weak.o
    0x0001fd4c   0x0001fd4c   0x00000016   Code   RO         1719    i.app_error_handler_bare  app_error.o
    0x0001fd62   0x0001fd62   0x00000016   Code   RO         1793    i.app_fifo_get      app_fifo.o
    0x0001fd78   0x0001fd78   0x00000020   Code   RO         1794    i.app_fifo_init     app_fifo.o
    0x0001fd98   0x0001fd98   0x0000001a   Code   RO         1796    i.app_fifo_put      app_fifo.o
    0x0001fdb2   0x0001fdb2   0x00000002   PAD
    0x0001fdb4   0x0001fdb4   0x00000028   Code   RO         1873    i.app_timer_create  app_timer.o
    0x0001fddc   0x0001fddc   0x00000070   Code   RO         1874    i.app_timer_init    app_timer.o
    0x0001fe4c   0x0001fe4c   0x00000088   Code   RO         1875    i.app_timer_start   app_timer.o
    0x0001fed4   0x0001fed4   0x00000020   Code   RO         1876    i.app_timer_stop    app_timer.o
    0x0001fef4   0x0001fef4   0x00000034   Code   RO         2027    i.app_uart_get      app_uart_fifo.o
    0x0001ff28   0x0001ff28   0x000000b4   Code   RO         2028    i.app_uart_init     app_uart_fifo.o
    0x0001ffdc   0x0001ffdc   0x0000003c   Code   RO         2029    i.app_uart_put      app_uart_fifo.o
    0x00020018   0x00020018   0x00000048   Code   RO         2091    i.app_util_critical_region_enter  app_util_platform.o
    0x00020060   0x00020060   0x00000034   Code   RO         2092    i.app_util_critical_region_exit  app_util_platform.o
    0x00020094   0x00020094   0x000000b8   Code   RO         1420    i.apply_config      nrf_drv_uart.o
    0x0002014c   0x0002014c   0x00000068   Code   RO          597    i.ble_advdata_set   ble_advdata.o
    0x000201b4   0x000201b4   0x00000120   Code   RO          686    i.ble_advertising_init  ble_advertising.o
    0x000202d4   0x000202d4   0x0000005c   Code   RO          687    i.ble_advertising_on_ble_evt  ble_advertising.o
    0x00020330   0x00020330   0x0000003c   Code   RO          690    i.ble_advertising_restart_without_whitelist  ble_advertising.o
    0x0002036c   0x0002036c   0x00000104   Code   RO          691    i.ble_advertising_start  ble_advertising.o
    0x00020470   0x00020470   0x00000058   Code   RO          776    i.ble_conn_params_init  ble_conn_params.o
    0x000204c8   0x000204c8   0x00000084   Code   RO          777    i.ble_conn_params_on_ble_evt  ble_conn_params.o
    0x0002054c   0x0002054c   0x00000060   Code   RO          598    i.ble_device_addr_encode  ble_advdata.o
    0x000205ac   0x000205ac   0x0000002c   Code   RO            5    i.ble_evt_dispatch  main.o
    0x000205d8   0x000205d8   0x00000068   Code   RO          903    i.ble_nus_init      ble_nus.o
    0x00020640   0x00020640   0x0000005c   Code   RO          904    i.ble_nus_on_ble_evt  ble_nus.o
    0x0002069c   0x0002069c   0x0000004e   Code   RO          905    i.ble_nus_string_send  ble_nus.o
    0x000206ea   0x000206ea   0x00000008   Code   RO          846    i.ble_srv_is_notification_enabled  ble_srv_common.o
    0x000206f2   0x000206f2   0x00000002   PAD
    0x000206f4   0x000206f4   0x0000005c   Code   RO            6    i.ble_stack_init    main.o
    0x00020750   0x00020750   0x0000000c   Code   RO          281    i.bsp_board_button_idx_to_pin  boards.o
    0x0002075c   0x0002075c   0x00000020   Code   RO          282    i.bsp_board_button_state_get  boards.o
    0x0002077c   0x0002077c   0x00000024   Code   RO          285    i.bsp_board_led_invert  boards.o
    0x000207a0   0x000207a0   0x00000020   Code   RO          288    i.bsp_board_led_state_get  boards.o
    0x000207c0   0x000207c0   0x0000002c   Code   RO          289    i.bsp_board_leds_init  boards.o
    0x000207ec   0x000207ec   0x0000000a   Code   RO          290    i.bsp_board_leds_off  boards.o
    0x000207f6   0x000207f6   0x00000002   PAD
    0x000207f8   0x000207f8   0x00000024   Code   RO          292    i.bsp_board_pin_to_button_idx  boards.o
    0x0002081c   0x0002081c   0x00000038   Code   RO          515    i.bsp_btn_ble_init  bsp_btn_ble.o
    0x00020854   0x00020854   0x00000070   Code   RO          516    i.bsp_btn_ble_on_ble_evt  bsp_btn_ble.o
    0x000208c4   0x000208c4   0x0000001e   Code   RO          517    i.bsp_btn_ble_sleep_mode_prepare  bsp_btn_ble.o
    0x000208e2   0x000208e2   0x00000002   PAD
    0x000208e4   0x000208e4   0x00000094   Code   RO          400    i.bsp_button_event_handler  bsp.o
    0x00020978   0x00020978   0x00000004   Code   RO          401    i.bsp_button_is_pressed  bsp.o
    0x0002097c   0x0002097c   0x00000044   Code   RO            7    i.bsp_event_handler  main.o
    0x000209c0   0x000209c0   0x00000044   Code   RO          404    i.bsp_event_to_button_action_assign  bsp.o
    0x00020a04   0x00020a04   0x00000018   Code   RO          405    i.bsp_indication_set  bsp.o
    0x00020a1c   0x00020a1c   0x00000098   Code   RO          406    i.bsp_init          bsp.o
    0x00020ab4   0x00020ab4   0x00000104   Code   RO          407    i.bsp_led_indication  bsp.o
    0x00020bb8   0x00020bb8   0x00000010   Code   RO          409    i.bsp_wakeup_button_enable  bsp.o
    0x00020bc8   0x00020bc8   0x00000008   Code   RO          410    i.button_timer_handler  bsp.o
    0x00020bd0   0x00020bd0   0x0000001c   Code   RO         1177    i.channel_free      nrf_drv_gpiote.o
    0x00020bec   0x00020bec   0x00000048   Code   RO         1178    i.channel_port_alloc  nrf_drv_gpiote.o
    0x00020c34   0x00020c34   0x00000010   Code   RO         1179    i.channel_port_get  nrf_drv_gpiote.o
    0x00020c44   0x00020c44   0x00000028   Code   RO          951    i.clock_clk_started_notify  nrf_drv_clock.o
    0x00020c6c   0x00020c6c   0x000000ac   Code   RO         1878    i.compare_reg_update  app_timer.o
    0x00020d18   0x00020d18   0x00000088   Code   RO          599    i.conn_int_encode   ble_advdata.o
    0x00020da0   0x00020da0   0x00000004   Code   RO            8    i.conn_params_error_handler  main.o
    0x00020da4   0x00020da4   0x0000005c   Code   RO          779    i.conn_params_negotiation  ble_conn_params.o
    0x00020e00   0x00020e00   0x00000060   Code   RO         1657    i.detection_delay_timeout_handler  app_button.o
    0x00020e60   0x00020e60   0x00000040   Code   RO         1879    i.elapsed_ticks_acquire  app_timer.o
    0x00020ea0   0x00020ea0   0x00000014   Code   RO         1799    i.fifo_get          app_fifo.o
    0x00020eb4   0x00020eb4   0x00000012   Code   RO         1800    i.fifo_put          app_fifo.o
    0x00020ec6   0x00020ec6   0x0000000e   Code   RO         2297    i.fputc             retarget.o
    0x00020ed4   0x00020ed4   0x00000014   Code   RO         2149    i.fs_queued_op_count_get  fstorage.o
    0x00020ee8   0x00020ee8   0x00000058   Code   RO         1658    i.gpiote_event_handler  app_button.o
    0x00020f40   0x00020f40   0x00000078   Code   RO         2540    i.intern_softdevice_events_execute  softdevice_handler.o
    0x00020fb8   0x00020fb8   0x00000078   Code   RO         1421    i.interrupts_enable  nrf_drv_uart.o
    0x00021030   0x00021030   0x0000001c   Code   RO          780    i.is_conn_params_ok  ble_conn_params.o
    0x0002104c   0x0002104c   0x00000014   Code   RO          411    i.leds_timer_handler  bsp.o
    0x00021060   0x00021060   0x000000a8   Code   RO         1880    i.list_deletions_handler  app_timer.o
    0x00021108   0x00021108   0x000000b8   Code   RO         1881    i.list_insertions_handler  app_timer.o
    0x000211c0   0x000211c0   0x000001ac   Code   RO            9    i.main              main.o
    0x0002136c   0x0002136c   0x00000064   Code   RO          600    i.manuf_specific_data_encode  ble_advdata.o
    0x000213d0   0x000213d0   0x0000009c   Code   RO          601    i.name_encode       ble_advdata.o
    0x0002146c   0x0002146c   0x00000010   Code   RO         1180    i.nrf_bitmask_bit_is_set  nrf_drv_gpiote.o
    0x0002147c   0x0002147c   0x0000000e   Code   RO          955    i.nrf_clock_event_check  nrf_drv_clock.o
    0x0002148a   0x0002148a   0x00000010   Code   RO          956    i.nrf_clock_event_clear  nrf_drv_clock.o
    0x0002149a   0x0002149a   0x00000002   PAD
    0x0002149c   0x0002149c   0x0000008c   Code   RO         1882    i.nrf_delay_us      app_timer.o
    0x00021528   0x00021528   0x00000048   Code   RO          963    i.nrf_drv_clock_init  nrf_drv_clock.o
    0x00021570   0x00021570   0x00000030   Code   RO          970    i.nrf_drv_clock_on_sd_enable  nrf_drv_clock.o
    0x000215a0   0x000215a0   0x0000000a   Code   RO          971    i.nrf_drv_clock_on_soc_event  nrf_drv_clock.o
    0x000215aa   0x000215aa   0x00000038   Code   RO         1130    i.nrf_drv_common_irq_enable  nrf_drv_common.o
    0x000215e2   0x000215e2   0x00000006   Code   RO         1423    i.nrf_drv_get_IRQn  nrf_drv_uart.o
    0x000215e8   0x000215e8   0x000000a4   Code   RO         1185    i.nrf_drv_gpiote_in_event_enable  nrf_drv_gpiote.o
    0x0002168c   0x0002168c   0x000000b8   Code   RO         1186    i.nrf_drv_gpiote_in_init  nrf_drv_gpiote.o
    0x00021744   0x00021744   0x00000014   Code   RO         1187    i.nrf_drv_gpiote_in_is_set  nrf_drv_gpiote.o
    0x00021758   0x00021758   0x0000005c   Code   RO         1189    i.nrf_drv_gpiote_init  nrf_drv_gpiote.o
    0x000217b4   0x000217b4   0x00000014   Code   RO         1190    i.nrf_drv_gpiote_is_init  nrf_drv_gpiote.o
    0x000217c8   0x000217c8   0x00000010   Code   RO         1424    i.nrf_drv_is_in_RAM  nrf_drv_uart.o
    0x000217d8   0x000217d8   0x00000068   Code   RO         1426    i.nrf_drv_uart_init  nrf_drv_uart.o
    0x00021840   0x00021840   0x000000b0   Code   RO         1427    i.nrf_drv_uart_rx   nrf_drv_uart.o
    0x000218f0   0x000218f0   0x00000030   Code   RO         1430    i.nrf_drv_uart_rx_enable  nrf_drv_uart.o
    0x00021920   0x00021920   0x000000a8   Code   RO         1431    i.nrf_drv_uart_rx_for_uart  nrf_drv_uart.o
    0x000219c8   0x000219c8   0x000000b0   Code   RO         1432    i.nrf_drv_uart_rx_for_uarte  nrf_drv_uart.o
    0x00021a78   0x00021a78   0x0000010c   Code   RO         1433    i.nrf_drv_uart_tx   nrf_drv_uart.o
    0x00021b84   0x00021b84   0x00000018   Code   RO         1435    i.nrf_drv_uart_tx_in_progress  nrf_drv_uart.o
    0x00021b9c   0x00021b9c   0x00000024   Code   RO          294    i.nrf_gpio_cfg      boards.o
    0x00021bc0   0x00021bc0   0x00000024   Code   RO         1204    i.nrf_gpio_cfg      nrf_drv_gpiote.o
    0x00021be4   0x00021be4   0x00000024   Code   RO         1437    i.nrf_gpio_cfg      nrf_drv_uart.o
    0x00021c08   0x00021c08   0x00000012   Code   RO         1439    i.nrf_gpio_cfg_input  nrf_drv_uart.o
    0x00021c1a   0x00021c1a   0x00000014   Code   RO         1440    i.nrf_gpio_cfg_output  nrf_drv_uart.o
    0x00021c2e   0x00021c2e   0x00000022   Code   RO          412    i.nrf_gpio_cfg_sense_set  bsp.o
    0x00021c50   0x00021c50   0x00000022   Code   RO         1206    i.nrf_gpio_cfg_sense_set  nrf_drv_gpiote.o
    0x00021c72   0x00021c72   0x00000002   PAD
    0x00021c74   0x00021c74   0x00000028   Code   RO         1207    i.nrf_gpio_ports_read  nrf_drv_gpiote.o
    0x00021c9c   0x00021c9c   0x00000014   Code   RO         1208    i.nrf_gpiote_event_clear  nrf_drv_gpiote.o
    0x00021cb0   0x00021cb0   0x00000010   Code   RO         1209    i.nrf_gpiote_event_is_set  nrf_drv_gpiote.o
    0x00021cc0   0x00021cc0   0x0000000a   Code   RO         1441    i.nrf_uart_event_check  nrf_drv_uart.o
    0x00021cca   0x00021cca   0x0000000c   Code   RO         1442    i.nrf_uart_event_clear  nrf_drv_uart.o
    0x00021cd6   0x00021cd6   0x0000000c   Code   RO         1443    i.nrf_uart_int_enable_check  nrf_drv_uart.o
    0x00021ce2   0x00021ce2   0x0000000a   Code   RO         1444    i.nrf_uarte_event_check  nrf_drv_uart.o
    0x00021cec   0x00021cec   0x0000000c   Code   RO         1445    i.nrf_uarte_event_clear  nrf_drv_uart.o
    0x00021cf8   0x00021cf8   0x00000030   Code   RO           10    i.nus_data_handler  main.o
    0x00021d28   0x00021d28   0x00000024   Code   RO           11    i.on_adv_evt        main.o
    0x00021d4c   0x00021d4c   0x000000e8   Code   RO           12    i.on_ble_evt        main.o
    0x00021e34   0x00021e34   0x0000001c   Code   RO           13    i.on_conn_params_evt  main.o
    0x00021e50   0x00021e50   0x00000018   Code   RO         1210    i.pin_in_use_by_port  nrf_drv_gpiote.o
    0x00021e68   0x00021e68   0x00000018   Code   RO         1211    i.pin_in_use_by_te  nrf_drv_gpiote.o
    0x00021e80   0x00021e80   0x0000003c   Code   RO         1883    i.rtc1_stop         app_timer.o
    0x00021ebc   0x00021ebc   0x00000032   Code   RO         1447    i.rx_byte           nrf_drv_uart.o
    0x00021eee   0x00021eee   0x000000dc   Code   RO          906    i.rx_char_add       ble_nus.o
    0x00021fca   0x00021fca   0x00000018   Code   RO         1448    i.rx_done_event     nrf_drv_uart.o
    0x00021fe2   0x00021fe2   0x00000020   Code   RO         1449    i.rx_enable         nrf_drv_uart.o
    0x00022002   0x00022002   0x00000002   PAD
    0x00022004   0x00022004   0x00000070   Code   RO         2542    i.sd_nvic_EnableIRQ  softdevice_handler.o
    0x00022074   0x00022074   0x00000088   Code   RO          602    i.service_data_encode  ble_advdata.o
    0x000220fc   0x000220fc   0x00000048   Code   RO          693    i.set_adv_mode_fast  ble_advertising.o
    0x00022144   0x00022144   0x00000044   Code   RO          694    i.set_adv_mode_slow  ble_advertising.o
    0x00022188   0x00022188   0x00000028   Code   RO           14    i.sleep_mode_enter  main.o
    0x000221b0   0x000221b0   0x00000014   Code   RO         2543    i.softdevice_ble_evt_handler_set  softdevice_handler.o
    0x000221c4   0x000221c4   0x00000014   Code   RO         2544    i.softdevice_enable  softdevice_handler.o
    0x000221d8   0x000221d8   0x00000026   Code   RO         2545    i.softdevice_enable_get_default_config  softdevice_handler.o
    0x000221fe   0x000221fe   0x00000004   Code   RO         2546    i.softdevice_fault_handler  softdevice_handler.o
    0x00022202   0x00022202   0x00000002   PAD
    0x00022204   0x00022204   0x00000064   Code   RO         2547    i.softdevice_handler_init  softdevice_handler.o
    0x00022268   0x00022268   0x0000000c   Code   RO         2548    i.softdevice_handler_is_enabled  softdevice_handler.o
    0x00022274   0x00022274   0x0000008c   Code   RO         1884    i.timer_list_handler  app_timer.o
    0x00022300   0x00022300   0x0000003c   Code   RO         1885    i.timer_list_insert  app_timer.o
    0x0002233c   0x0002233c   0x00000048   Code   RO         1886    i.timer_stop_op_schedule  app_timer.o
    0x00022384   0x00022384   0x00000084   Code   RO         1887    i.timer_timeouts_check  app_timer.o
    0x00022408   0x00022408   0x00000020   Code   RO         1450    i.tx_byte           nrf_drv_uart.o
    0x00022428   0x00022428   0x000000a0   Code   RO          907    i.tx_char_add       ble_nus.o
    0x000224c8   0x000224c8   0x0000001c   Code   RO         1451    i.tx_done_event     nrf_drv_uart.o
    0x000224e4   0x000224e4   0x0000005c   Code   RO           15    i.uart_event_handle  main.o
    0x00022540   0x00022540   0x000000a0   Code   RO         2030    i.uart_event_handler  app_uart_fifo.o
    0x000225e0   0x000225e0   0x0000011e   Code   RO         1452    i.uart_irq_handler  nrf_drv_uart.o
    0x000226fe   0x000226fe   0x000000f0   Code   RO         1453    i.uarte_irq_handler  nrf_drv_uart.o
    0x000227ee   0x000227ee   0x0000000a   Code   RO          603    i.uint16_encode     ble_advdata.o
    0x000227f8   0x000227f8   0x00000060   Code   RO          781    i.update_timeout_handler  ble_conn_params.o
    0x00022858   0x00022858   0x00000030   Code   RO         1888    i.user_op_alloc     app_timer.o
    0x00022888   0x00022888   0x00000030   Code   RO          604    i.uuid_list_encode  ble_advdata.o
    0x000228b8   0x000228b8   0x0000009e   Code   RO          605    i.uuid_list_sized_encode  ble_advdata.o
    0x00022956   0x00022956   0x00000002   PAD
    0x00022958   0x00022958   0x0000001c   Data   RO           17    .constdata          main.o
    0x00022974   0x00022974   0x00000008   Data   RO          296    .constdata          boards.o
    0x0002297c   0x0002297c   0x0000002c   Data   RO          417    .constdata          bsp.o
    0x000229a8   0x000229a8   0x00000004   Data   RO          784    .constdata          ble_conn_params.o
    0x000229ac   0x000229ac   0x00000010   Data   RO          908    .constdata          ble_nus.o
    0x000229bc   0x000229bc   0x00000004   Data   RO         1213    .constdata          nrf_drv_gpiote.o
    0x000229c0   0x000229c0   0x00000008   Data   RO         1660    .constdata          app_button.o
    0x000229c8   0x000229c8   0x00000020   Data   RO         2032    .constdata          app_uart_fifo.o
    0x000229e8   0x000229e8   0x00000020   Data   RO         3038    Region$$Table       anon$$obj.o


    Execution Region RW_IRAM1 (Exec base: 0x20002128, Load base: 0x00022a08, Size: 0x00002650, Max: 0x0000ded8, ABSOLUTE)

    Exec Addr    Load Addr    Size         Type   Attr      Idx    E Section Name        Object

    0x20002128   0x00022a08   0x00000008   Data   RW           18    .data               main.o
    0x20002130   0x00022a10   0x00000014   Data   RW          418    .data               bsp.o
    0x20002144   0x00022a24   0x00000008   Data   RW          518    .data               bsp_btn_ble.o
    0x2000214c   0x00022a2c   0x0000001f   Data   RW          696    .data               ble_advertising.o
    0x2000216b   0x00022a4b   0x00000001   PAD
    0x2000216c   0x00022a4c   0x00000014   Data   RW          785    .data               ble_conn_params.o
    0x20002180   0x00022a60   0x00000014   Data   RW         1661    .data               app_button.o
    0x20002194   0x00022a74   0x00000020   Data   RW         1889    .data               app_timer.o
    0x200021b4   0x00022a94   0x00000010   Data   RW         2033    .data               app_uart_fifo.o
    0x200021c4   0x00022aa4   0x00000004   Data   RW         2298    .data               retarget.o
    0x200021c8   0x00022aa8   0x00000014   Data   RW         2554    .data               softdevice_handler.o
    0x200021dc   0x00022abc   0x00000004   Data   RW         2693    .data               system_nrf52.o
    0x200021e0        -       0x000002f8   Zero   RW           16    .bss                main.o
    0x200024d8        -       0x00000020   Zero   RW          413    .bss                bsp.o
    0x200024f8        -       0x00000020   Zero   RW          414    .bss                bsp.o
    0x20002518        -       0x0000000c   Zero   RW          415    .bss                bsp.o
    0x20002524        -       0x00000020   Zero   RW          416    .bss                bsp.o
    0x20002544        -       0x000000b3   Zero   RW          695    .bss                ble_advertising.o
    0x200025f7   0x00022ac0   0x00000001   PAD
    0x200025f8        -       0x00000020   Zero   RW          782    .bss                ble_conn_params.o
    0x20002618        -       0x0000001c   Zero   RW          783    .bss                ble_conn_params.o
    0x20002634        -       0x00000014   Zero   RW          973    .bss                nrf_drv_clock.o
    0x20002648        -       0x00000058   Zero   RW         1212    .bss                nrf_drv_gpiote.o
    0x200026a0        -       0x00000020   Zero   RW         1455    .bss                nrf_drv_uart.o
    0x200026c0        -       0x00000020   Zero   RW         1659    .bss                app_button.o
    0x200026e0        -       0x00000020   Zero   RW         2031    .bss                app_uart_fifo.o
    0x20002700        -       0x0000000c   Zero   RW         2095    .bss                app_util_platform.o
    0x2000270c        -       0x00000068   Zero   RW         2158    .bss                fstorage.o
    0x20002774   0x00022ac0   0x00000004   PAD
    0x20002778        -       0x00002000   Zero   RW         2681    STACK               arm_startup_nrf52.o


==============================================================================

Image component sizes


      Code (inc. data)   RO Data    RW Data    ZI Data      Debug   Object Name

       332         34          8         20         32       9906   app_button.o
        22          0          0          0          0       2185   app_error.o
        36         10          0          0          0      27321   app_error_weak.o
       118          0          0          0          0       4774   app_fifo.o
      1698        114          0         32          0      63731   app_timer.o
       452         42         32         16         32      10598   app_uart_fifo.o
       124         14          0          0         12       9342   app_util_platform.o
        36          8       1024          0       8192        896   arm_startup_nrf52.o
      1330          0          0          0          0      30380   ble_advdata.o
       928         64          0         31        179      10288   ble_advertising.o
       436         54          4         20         60       5628   ble_conn_params.o
       654          6         16          0          0       5658   ble_nus.o
         8          0          0          0          0       1390   ble_srv_common.o
       238         30          8          0          0      10329   boards.o
       740         76         44         20        108      14179   bsp.o
       252         10          0          8          0       4769   bsp_btn_ble.o
        20          4          0          0        104       3676   fstorage.o
      1112        106         28          8        760     128547   main.o
       288         22          0          0         20      12408   nrf_drv_clock.o
        56          0          0          0          0      27523   nrf_drv_common.o
      1178         84          4          0         88      29580   nrf_drv_gpiote.o
      2140         66          0          0         32      41367   nrf_drv_uart.o
        14          0          0          4          0       2778   retarget.o
       542         46          0         20          0      42603   softdevice_handler.o
       668         58          0          4          0       2639   system_nrf52.o

    ----------------------------------------------------------------------
     13442        848       1200        184       9624     502495   Object Totals
         0          0         32          0          0          0   (incl. Generated)
        20          0          0          1          5          0   (incl. Padding)

    ----------------------------------------------------------------------

      Code (inc. data)   RO Data    RW Data    ZI Data      Debug   Library Member Name

         0          0          0          0          0          0   entry.o
         0          0          0          0          0          0   entry10a.o
         0          0          0          0          0          0   entry11a.o
         4          0          0          0          0          0   entry12b.o
         8          4          0          0          0          0   entry2.o
         4          0          0          0          0          0   entry5.o
         0          0          0          0          0          0   entry7b.o
         0          0          0          0          0          0   entry8b.o
         8          4          0          0          0          0   entry9a.o
        30          0          0          0          0          0   handlers.o
        36          8          0          0          0         68   init.o
        36          0          0          0          0         68   memcpya.o
        36          0          0          0          0        108   memseta.o
        50          8          0          0          0        152   printfb.o

    ----------------------------------------------------------------------
       214         24          0          0          0        396   Library Totals
         2          0          0          0          0          0   (incl. Padding)

    ----------------------------------------------------------------------

      Code (inc. data)   RO Data    RW Data    ZI Data      Debug   Library Name

       212         24          0          0          0        396   mc_w.l

    ----------------------------------------------------------------------
       214         24          0          0          0        396   Library Totals

    ----------------------------------------------------------------------

==============================================================================


      Code (inc. data)   RO Data    RW Data    ZI Data      Debug   

     13656        872       1200        184       9624     486791   Grand Totals
     13656        872       1200        184       9624     486791   ELF Image Totals
     13656        872       1200        184          0          0   ROM Totals

==============================================================================

    Total RO  Size (Code + RO Data)                14856 (  14.51kB)
    Total RW  Size (RW Data + ZI Data)              9808 (   9.58kB)
    Total ROM Size (Code + RO Data + RW Data)      15040 (  14.69kB)

==============================================================================

