<html>
<body>
<pre>
<h1>µVision Build Log</h1>
<h2>Tool Versions:</h2>
IDE-Version: £gVision V5.33.0.0
Copyright (C) 2020 ARM Ltd and ARM Germany GmbH. All rights reserved.
License Information: 123 XingHo, 123, LIC=Z3C6R-KPQH1-4A0DE-5SAUG-YDSAN-6LKA7
 
Tool Versions:
Toolchain:       MDK-ARM Professional  Version: 5.33.0.0
Toolchain Path:  C:\Keil_v5\ARM\ARMCC\Bin
C Compiler:      Armcc.exe V5.06 update 7 (build 960)
Assembler:       Armasm.exe V5.06 update 7 (build 960)
Linker/Locator:  ArmLink.exe V5.06 update 7 (build 960)
Library Manager: ArmAr.exe V5.06 update 7 (build 960)
Hex Converter:   FromElf.exe V5.06 update 7 (build 960)
CPU DLL:         
Dialog DLL:      
Target DLL:      CMSIS_AGDI.dll V1.32.12.0
Dialog DLL:      TCM.DLL V1.48.0.0
 
<h2>Project:</h2>
D:\test\nRF5_BSI\examples\ble_peripheral\ble_app_uart\pca10040\s132\arm5_no_packs\ble_app_uart_pca10040_s132.uvprojx
Project File Date:  06/04/2021

<h2>Output:</h2>
*** Using Compiler 'V5.06 update 7 (build 960)', folder: 'C:\Keil_v5\ARM\ARMCC\Bin'
Rebuild target 'NQ62X_Application'
compiling boards.c...
compiling bsp_nfc.c...
compiling bsp_btn_ble.c...
compiling bsp.c...
compiling main.c...
compiling ble_nus.c...
compiling ble_srv_common.c...
compiling ble_advdata.c...
compiling ble_conn_params.c...
compiling ble_advertising.c...
compiling nrf_drv_common.c...
compiling app_button.c...
compiling nrf_drv_gpiote.c...
compiling nrf_drv_clock.c...
compiling nrf_drv_uart.c...
compiling app_error.c...
compiling app_fifo.c...
compiling app_error_weak.c...
compiling app_uart_fifo.c...
compiling app_timer.c...
compiling hardfault_implementation.c...
compiling nrf_assert.c...
compiling retarget.c...
compiling app_util_platform.c...
compiling fstorage.c...
compiling sdk_errors.c...
compiling RTT_Syscalls_KEIL.c...
compiling SEGGER_RTT_printf.c...
assembling arm_startup_nrf52.s...
compiling nrf_log_backend_serial.c...
compiling nrf_log_frontend.c...
compiling system_nrf52.c...
compiling SEGGER_RTT.c...
compiling softdevice_handler.c...
linking...
Program Size: Code=13656 RO-data=1200 RW-data=184 ZI-data=9624  
FromELF: creating hex file...
".\_build\nrf52832_xxaa.axf" - 0 Error(s), 0 Warning(s).

<h2>Software Packages used:</h2>

Package Vendor: ARM
                http://www.keil.com/pack/ARM.CMSIS.4.5.0.pack
                ARM.CMSIS.4.5.0
                CMSIS (Cortex Microcontroller Software Interface Standard)
   * Component: CORE Version: 4.3.0

Package Vendor: NordicSemiconductor
                http://developer.nordicsemi.com/nRF5_SDK/pieces/nRF_DeviceFamilyPack/NordicSemiconductor.nRF_DeviceFamilyPack.8.11.1.pack
                NordicSemiconductor.nRF_DeviceFamilyPack.8.11.1
                Nordic Semiconductor nRF ARM devices Device Family Pack.
   * Component: Startup Version: 8.11.1

<h2>Collection of Component include folders:</h2>
  .\RTE\_NQ62X_Application
  C:\Keil_v5\ARM\PACK\ARM\CMSIS\4.5.0\CMSIS\Include
  C:\Keil_v5\ARM\PACK\NordicSemiconductor\nRF_DeviceFamilyPack\8.11.1\Device\Include

<h2>Collection of Component Files used:</h2>

   * Component: ARM::CMSIS:CORE:4.3.0

   * Component: NordicSemiconductor::Device:Startup:8.11.1
      Include file:  Device\Include\system_nrf52.h
      Source file:   Device\Source\arm\arm_startup_nrf52.s
      Source file:   Device\Source\system_nrf52.c
Build Time Elapsed:  00:00:07
</pre>
</body>
</html>
